<html>
<body>
<pre>
<h1>�Vision Build Log</h1>
<h2>Tool Versions:</h2>
IDE-Version: ��Vision V5.38.0.0
Copyright (C) 2022 ARM Ltd and ARM Germany GmbH. All rights reserved.
License Information: 1 chafiprc, 1, LIC=UJWP0-BI3PY-SBREJ-U3MEX-Q06QB-SPNED
 
Tool Versions:
Toolchain:       MDK-ARM Plus  Version: 5.38.0.0
Toolchain Path:  E:\SoftLib\Keil_v5\ARM\ARMCC\Bin
C Compiler:      Armcc.exe V5.06 update 7 (build 960)
Assembler:       Armasm.exe V5.06 update 7 (build 960)
Linker/Locator:  ArmLink.exe V5.06 update 7 (build 960)
Library Manager: ArmAr.exe V5.06 update 7 (build 960)
Hex Converter:   FromElf.exe V5.06 update 7 (build 960)
CPU DLL:         SARMCM3.DLL V5.38.0.0
Dialog DLL:      DCM.DLL V1.17.5.0
Target DLL:      STLink\ST-LINKIII-KEIL_SWO.dll V3.1.0.0
Dialog DLL:      TCM.DLL V1.56.4.0
 
<h2>Project:</h2>
D:\SoftLib\Code\STM32\STI\����\2023\2023��H��\H\Project\RVMDK\TemplateF407.uvprojx
Project File Date:  07/11/2024

<h2>Output:</h2>
*** Using Compiler 'V5.06 update 7 (build 960)', folder: 'E:\SoftLib\Keil_v5\ARM\ARMCC\Bin'
Rebuild target 'Control'
assembling startup_stm32f40xx.s...
compiling stm32f4xx_crc.c...
compiling stm32f4xx_cryp.c...
compiling misc.c...
compiling stm32f4xx_cec.c...
compiling stm32f4xx_adc.c...
compiling stm32f4xx_cryp_des.c...
compiling stm32f4xx_can.c...
compiling stm32f4xx_cryp_aes.c...
compiling stm32f4xx_cryp_tdes.c...
compiling stm32f4xx_dac.c...
compiling stm32f4xx_dfsdm.c...
compiling stm32f4xx_dcmi.c...
compiling stm32f4xx_dsi.c...
compiling stm32f4xx_dbgmcu.c...
compiling stm32f4xx_dma.c...
compiling stm32f4xx_exti.c...
compiling stm32f4xx_flash_ramfunc.c...
compiling stm32f4xx_fmpi2c.c...
compiling stm32f4xx_flash.c...
compiling stm32f4xx_gpio.c...
compiling stm32f4xx_hash_md5.c...
compiling stm32f4xx_hash.c...
compiling stm32f4xx_hash_sha1.c...
compiling stm32f4xx_fsmc.c...
compiling stm32f4xx_lptim.c...
compiling stm32f4xx_i2c.c...
compiling stm32f4xx_qspi.c...
compiling stm32f4xx_rng.c...
compiling stm32f4xx_pwr.c...
compiling stm32f4xx_iwdg.c...
compiling stm32f4xx_rtc.c...
compiling stm32f4xx_rcc.c...
compiling stm32f4xx_spdifrx.c...
compiling stm32f4xx_sai.c...
compiling stm32f4xx_sdio.c...
compiling stm32f4xx_syscfg.c...
compiling stm32f4xx_spi.c...
compiling stm32f4xx_wwdg.c...
compiling stm32f4xx_usart.c...
compiling stm32f4xx_tim.c...
compiling system_stm32f4xx.c...
compiling Serial.c...
compiling TIM.c...
compiling AD8302.c...
..\..\Hardware\AD8302.c(19): warning:  #223-D: function "Get_Adc_Average" declared implicitly
  	float temp = Get_Adc_Average(ADC1,ADC_Channel_1,100);
..\..\Hardware\AD8302.c(36): warning:  #223-D: function "Get_Adc_Average" declared implicitly
  	float temp = Get_Adc_Average(ADC2,ADC_Channel_11,100);
..\..\Hardware\AD8302.c: 2 warnings, 0 errors
compiling ADC.c...
compiling mySPI.c...
compiling Delay.c...
..\..\Hardware\Delay.c(6): warning:  #550-D: variable "fac_ms"  was set but never used
  static u16 fac_ms=0;
..\..\Hardware\Delay.c: 1 warning, 0 errors
compiling AD9959.c...
compiling DAC.c...
compiling stm32f4xx_it.c...
compiling ADCDMA.c...
compiling main.c...
..\..\User\main.c(264): warning:  #177-D: variable "i"  was declared but never referenced
      unsigned char i = 0;
..\..\User\main.c(316): warning:  #1035-D: single-precision operand implicitly converted to double-precision
      index = temp_float + 0.5;            // 进行四舍五入取整
..\..\User\main.c(321): warning:  #1035-D: single-precision operand implicitly converted to double-precision
      harmo3_index = temp_float + 0.5;     // 进行四舍五入取整
..\..\User\main.c(334): warning:  #1035-D: single-precision operand implicitly converted to double-precision
      index = temp_float + 0.5;            // 进行四舍五入取整
..\..\User\main.c(339): warning:  #1035-D: single-precision operand implicitly converted to double-precision
      harmo3_index = temp_float + 0.5;     // 进行四舍五入取整
..\..\User\main.c(363): warning:  #1035-D: single-precision operand implicitly converted to double-precision
          index = temp_float + 0.5;            // 进行四舍五入取整
..\..\User\main.c(368): warning:  #1035-D: single-precision operand implicitly converted to double-precision
          harmo5_index = temp_float + 0.5;     // 进行四舍五入取整
..\..\User\main.c(290): warning:  #550-D: variable "indata"  was set but never used
      short indata[2048], outdata[2048], i;
..\..\User\main.c: 8 warnings, 0 errors
linking...
Program Size: Code=8232 RO-data=584 RW-data=16072 ZI-data=3024  
FromELF: creating hex file...
".\Objects\TemplateF407.axf" - 0 Error(s), 11 Warning(s).

<h2>Software Packages used:</h2>

Package Vendor: Keil
                https://www.keil.com/pack/Keil.STM32F4xx_DFP.2.17.1.pack
                Keil.STM32F4xx_DFP.2.17.1
                STMicroelectronics STM32F4 Series Device Support, Drivers and Examples

<h2>Collection of Component include folders:</h2>
  E:/SoftLib/Keil_Arm_pack/Keil/STM32F4xx_DFP/2.17.1/Drivers/CMSIS/Device/ST/STM32F4xx/Include

<h2>Collection of Component Files used:</h2>
Build Time Elapsed:  00:00:10
</pre>
</body>
</html>
