<html>
<body>
<pre>
<h1>礦ision Build Log</h1>
<h2>Tool Versions:</h2>
IDE-Version: μVision V5.38.0.0
Copyright (C) 2022 ARM Ltd and ARM Germany GmbH. All rights reserved.
License Information: 1 chafiprc, 1, LIC=UJWP0-BI3PY-SBREJ-U3MEX-Q06QB-SPNED
 
Tool Versions:
Toolchain:       MDK-ARM Plus  Version: 5.38.0.0
Toolchain Path:  E:\SoftLib\Keil_v5\ARM\ARMCC\Bin
C Compiler:      Armcc.exe V5.06 update 7 (build 960)
Assembler:       Armasm.exe V5.06 update 7 (build 960)
Linker/Locator:  ArmLink.exe V5.06 update 7 (build 960)
Library Manager: ArmAr.exe V5.06 update 7 (build 960)
Hex Converter:   FromElf.exe V5.06 update 7 (build 960)
CPU DLL:         SARMCM3.DLL V5.38.0.0
Dialog DLL:      DCM.DLL V1.17.5.0
Target DLL:      STLink\ST-LINKIII-KEIL_SWO.dll V3.1.0.0
Dialog DLL:      TCM.DLL V1.56.4.0
 
<h2>Project:</h2>
D:\SoftLib\Code\STM32\STI\电赛\2019\2019年D题\D\Project\RVMDK\TemplateF407.uvprojx
Project File Date:  07/17/2024

<h2>Output:</h2>
*** Using Compiler 'V5.06 update 7 (build 960)', folder: 'E:\SoftLib\Keil_v5\ARM\ARMCC\Bin'
Build target 'Control'
compiling main.c...
..\..\User\main.c(122): warning:  #111-D: statement is unreachable
  	AD9959_Init();
..\..\User\main.c(219): warning:  #1035-D: single-precision operand implicitly converted to double-precision
  			if (1.5 * sum / (2 * N) < datas)
..\..\User\main.c(222): warning:  #1035-D: single-precision operand implicitly converted to double-precision
  				output[3 * outlen + 1] = 1.0 * (2 * datas) / (FFT_LENGTH * 1.0);				  // 璁＄畻骞呭害
..\..\User\main.c(248): warning:  #550-D: variable "zhiliu"  was set but never used
  	double zhiliu, HZ, amp, phase;
..\..\User\main.c(248): warning:  #550-D: variable "HZ"  was set but never used
  	double zhiliu, HZ, amp, phase;
..\..\User\main.c(248): warning:  #550-D: variable "phase"  was set but never used
  	double zhiliu, HZ, amp, phase;
..\..\User\main.c(249): warning:  #177-D: variable "temp"  was declared but never referenced
  	u8 temp[40];
..\..\User\main.c(250): warning:  #177-D: variable "i"  was declared but never referenced
  	int i;
..\..\User\main.c(251): warning:  #550-D: variable "freamplen"  was set but never used
  	u16 freamplen; // freamp闀垮害鐨勪竴鍗?
..\..\User\main.c: 9 warnings, 0 errors
linking...
Program Size: Code=8840 RO-data=35240 RW-data=56 ZI-data=73752  
FromELF: creating hex file...
".\Objects\TemplateF407.axf" - 0 Error(s), 9 Warning(s).

<h2>Software Packages used:</h2>

Package Vendor: Keil
                https://www.keil.com/pack/Keil.STM32F4xx_DFP.2.17.1.pack
                Keil.STM32F4xx_DFP.2.17.1
                STMicroelectronics STM32F4 Series Device Support, Drivers and Examples

<h2>Collection of Component include folders:</h2>
  E:/SoftLib/Keil_Arm_pack/Keil/STM32F4xx_DFP/2.17.1/Drivers/CMSIS/Device/ST/STM32F4xx/Include

<h2>Collection of Component Files used:</h2>
Build Time Elapsed:  00:00:01
</pre>
</body>
</html>
