<html>
<body>
<pre>
<h1>礦ision Build Log</h1>
<h2>Tool Versions:</h2>
IDE-Version: μVision V5.38.0.0
Copyright (C) 2022 ARM Ltd and ARM Germany GmbH. All rights reserved.
License Information: 1 chafiprc, 1, LIC=UJWP0-BI3PY-SBREJ-U3MEX-Q06QB-SPNED
 
Tool Versions:
Toolchain:       MDK-ARM Plus  Version: 5.38.0.0
Toolchain Path:  E:\SoftLib\Keil_v5\ARM\ARMCC\Bin
C Compiler:      Armcc.exe V5.06 update 7 (build 960)
Assembler:       Armasm.exe V5.06 update 7 (build 960)
Linker/Locator:  ArmLink.exe V5.06 update 7 (build 960)
Library Manager: ArmAr.exe V5.06 update 7 (build 960)
Hex Converter:   FromElf.exe V5.06 update 7 (build 960)
CPU DLL:         SARMCM3.DLL V5.38.0.0
Dialog DLL:      DCM.DLL V1.17.5.0
Target DLL:      STLink\ST-LINKIII-KEIL_SWO.dll V3.1.0.0
Dialog DLL:      TCM.DLL V1.56.4.0
 
<h2>Project:</h2>
D:\SoftLib\Code\STM32\STI\电赛\2023\2023年B题\B\Project\RVMDK\TemplateF407.uvprojx
Project File Date:  07/05/2024

<h2>Output:</h2>
*** Using Compiler 'V5.06 update 7 (build 960)', folder: 'E:\SoftLib\Keil_v5\ARM\ARMCC\Bin'
Build target 'Control'
compiling main.c...
..\..\User\main.c(108): warning:  #111-D: statement is unreachable
  	flag = 1;
..\..\User\main.c(302): warning:  #1035-D: single-precision operand implicitly converted to double-precision
  	C = (float)0.0014*pow(E,0.0775*GetPhs());
..\..\User\main.c: 2 warnings, 0 errors
linking...
Program Size: Code=12000 RO-data=568 RW-data=84 ZI-data=1028  
FromELF: creating hex file...
".\Objects\TemplateF407.axf" - 0 Error(s), 2 Warning(s).

<h2>Software Packages used:</h2>

Package Vendor: Keil
                https://www.keil.com/pack/Keil.STM32F4xx_DFP.2.17.1.pack
                Keil.STM32F4xx_DFP.2.17.1
                STMicroelectronics STM32F4 Series Device Support, Drivers and Examples

<h2>Collection of Component include folders:</h2>
  E:/SoftLib/Keil_Arm_pack/Keil/STM32F4xx_DFP/2.17.1/Drivers/CMSIS/Device/ST/STM32F4xx/Include

<h2>Collection of Component Files used:</h2>
Build Time Elapsed:  00:00:02
</pre>
</body>
</html>
