Component: ARM Compiler 5.06 update 7 (build 960) Tool: armlink [4d3601]

==============================================================================

Section Cross References

    startup_stm32f40xx.o(RESET) refers to startup_stm32f40xx.o(STACK) for __initial_sp
    startup_stm32f40xx.o(RESET) refers to startup_stm32f40xx.o(.text) for Reset_Handler
    startup_stm32f40xx.o(RESET) refers to stm32f4xx_it.o(i.NMI_Handler) for NMI_Handler
    startup_stm32f40xx.o(RESET) refers to stm32f4xx_it.o(i.HardFault_Handler) for HardFault_Handler
    startup_stm32f40xx.o(RESET) refers to stm32f4xx_it.o(i.MemManage_Handler) for MemManage_Handler
    startup_stm32f40xx.o(RESET) refers to stm32f4xx_it.o(i.BusFault_Handler) for BusFault_Handler
    startup_stm32f40xx.o(RESET) refers to stm32f4xx_it.o(i.UsageFault_Handler) for UsageFault_Handler
    startup_stm32f40xx.o(RESET) refers to stm32f4xx_it.o(i.SVC_Handler) for SVC_Handler
    startup_stm32f40xx.o(RESET) refers to stm32f4xx_it.o(i.DebugMon_Handler) for DebugMon_Handler
    startup_stm32f40xx.o(RESET) refers to stm32f4xx_it.o(i.PendSV_Handler) for PendSV_Handler
    startup_stm32f40xx.o(RESET) refers to stm32f4xx_it.o(i.SysTick_Handler) for SysTick_Handler
    startup_stm32f40xx.o(RESET) refers to main.o(i.EXTI0_IRQHandler) for EXTI0_IRQHandler
    startup_stm32f40xx.o(RESET) refers to main.o(i.TIM2_IRQHandler) for TIM2_IRQHandler
    startup_stm32f40xx.o(RESET) refers to serial.o(i.USART2_IRQHandler) for USART2_IRQHandler
    startup_stm32f40xx.o(RESET) refers to adcdma.o(i.DMA2_Stream0_IRQHandler) for DMA2_Stream0_IRQHandler
    startup_stm32f40xx.o(.text) refers to system_stm32f4xx.o(i.SystemInit) for SystemInit
    startup_stm32f40xx.o(.text) refers to entry.o(.ARM.Collect$$$$00000000) for __main
    stm32f4xx_adc.o(i.ADC_DeInit) refers to stm32f4xx_rcc.o(i.RCC_APB2PeriphResetCmd) for RCC_APB2PeriphResetCmd
    stm32f4xx_can.o(i.CAN_DeInit) refers to stm32f4xx_rcc.o(i.RCC_APB1PeriphResetCmd) for RCC_APB1PeriphResetCmd
    stm32f4xx_can.o(i.CAN_GetITStatus) refers to stm32f4xx_can.o(i.CheckITStatus) for CheckITStatus
    stm32f4xx_cryp.o(i.CRYP_DeInit) refers to stm32f4xx_rcc.o(i.RCC_AHB2PeriphResetCmd) for RCC_AHB2PeriphResetCmd
    stm32f4xx_cryp_aes.o(i.CRYP_AES_CBC) refers to stm32f4xx_cryp.o(i.CRYP_KeyStructInit) for CRYP_KeyStructInit
    stm32f4xx_cryp_aes.o(i.CRYP_AES_CBC) refers to stm32f4xx_cryp.o(i.CRYP_FIFOFlush) for CRYP_FIFOFlush
    stm32f4xx_cryp_aes.o(i.CRYP_AES_CBC) refers to stm32f4xx_cryp.o(i.CRYP_Init) for CRYP_Init
    stm32f4xx_cryp_aes.o(i.CRYP_AES_CBC) refers to stm32f4xx_cryp.o(i.CRYP_KeyInit) for CRYP_KeyInit
    stm32f4xx_cryp_aes.o(i.CRYP_AES_CBC) refers to stm32f4xx_cryp.o(i.CRYP_Cmd) for CRYP_Cmd
    stm32f4xx_cryp_aes.o(i.CRYP_AES_CBC) refers to stm32f4xx_cryp.o(i.CRYP_GetFlagStatus) for CRYP_GetFlagStatus
    stm32f4xx_cryp_aes.o(i.CRYP_AES_CBC) refers to stm32f4xx_cryp.o(i.CRYP_IVInit) for CRYP_IVInit
    stm32f4xx_cryp_aes.o(i.CRYP_AES_CBC) refers to stm32f4xx_cryp.o(i.CRYP_GetCmdStatus) for CRYP_GetCmdStatus
    stm32f4xx_cryp_aes.o(i.CRYP_AES_CBC) refers to stm32f4xx_cryp.o(i.CRYP_DataIn) for CRYP_DataIn
    stm32f4xx_cryp_aes.o(i.CRYP_AES_CBC) refers to stm32f4xx_cryp.o(i.CRYP_DataOut) for CRYP_DataOut
    stm32f4xx_cryp_aes.o(i.CRYP_AES_CCM) refers to stm32f4xx_cryp.o(i.CRYP_KeyStructInit) for CRYP_KeyStructInit
    stm32f4xx_cryp_aes.o(i.CRYP_AES_CCM) refers to stm32f4xx_cryp.o(i.CRYP_FIFOFlush) for CRYP_FIFOFlush
    stm32f4xx_cryp_aes.o(i.CRYP_AES_CCM) refers to stm32f4xx_cryp.o(i.CRYP_KeyInit) for CRYP_KeyInit
    stm32f4xx_cryp_aes.o(i.CRYP_AES_CCM) refers to stm32f4xx_cryp.o(i.CRYP_IVInit) for CRYP_IVInit
    stm32f4xx_cryp_aes.o(i.CRYP_AES_CCM) refers to stm32f4xx_cryp.o(i.CRYP_Init) for CRYP_Init
    stm32f4xx_cryp_aes.o(i.CRYP_AES_CCM) refers to stm32f4xx_cryp.o(i.CRYP_PhaseConfig) for CRYP_PhaseConfig
    stm32f4xx_cryp_aes.o(i.CRYP_AES_CCM) refers to stm32f4xx_cryp.o(i.CRYP_DataIn) for CRYP_DataIn
    stm32f4xx_cryp_aes.o(i.CRYP_AES_CCM) refers to stm32f4xx_cryp.o(i.CRYP_Cmd) for CRYP_Cmd
    stm32f4xx_cryp_aes.o(i.CRYP_AES_CCM) refers to stm32f4xx_cryp.o(i.CRYP_GetCmdStatus) for CRYP_GetCmdStatus
    stm32f4xx_cryp_aes.o(i.CRYP_AES_CCM) refers to stm32f4xx_cryp.o(i.CRYP_GetFlagStatus) for CRYP_GetFlagStatus
    stm32f4xx_cryp_aes.o(i.CRYP_AES_CCM) refers to stm32f4xx_cryp.o(i.CRYP_DataOut) for CRYP_DataOut
    stm32f4xx_cryp_aes.o(i.CRYP_AES_CTR) refers to stm32f4xx_cryp.o(i.CRYP_KeyStructInit) for CRYP_KeyStructInit
    stm32f4xx_cryp_aes.o(i.CRYP_AES_CTR) refers to stm32f4xx_cryp.o(i.CRYP_KeyInit) for CRYP_KeyInit
    stm32f4xx_cryp_aes.o(i.CRYP_AES_CTR) refers to stm32f4xx_cryp.o(i.CRYP_Init) for CRYP_Init
    stm32f4xx_cryp_aes.o(i.CRYP_AES_CTR) refers to stm32f4xx_cryp.o(i.CRYP_IVInit) for CRYP_IVInit
    stm32f4xx_cryp_aes.o(i.CRYP_AES_CTR) refers to stm32f4xx_cryp.o(i.CRYP_FIFOFlush) for CRYP_FIFOFlush
    stm32f4xx_cryp_aes.o(i.CRYP_AES_CTR) refers to stm32f4xx_cryp.o(i.CRYP_Cmd) for CRYP_Cmd
[...]
    Removing stm32f4xx_syscfg.o(i.SYSCFG_GetCompensationCellStatus), (24 bytes).
    Removing stm32f4xx_syscfg.o(i.SYSCFG_MemoryRemapConfig), (12 bytes).
    Removing stm32f4xx_syscfg.o(i.SYSCFG_MemorySwappingBank), (12 bytes).
    Removing stm32f4xx_tim.o(.rev16_text), (4 bytes).
    Removing stm32f4xx_tim.o(.revsh_text), (4 bytes).
    Removing stm32f4xx_tim.o(.rrx_text), (6 bytes).
    Removing stm32f4xx_tim.o(i.TI1_Config), (58 bytes).
    Removing stm32f4xx_tim.o(i.TI2_Config), (80 bytes).
    Removing stm32f4xx_tim.o(i.TI3_Config), (72 bytes).
    Removing stm32f4xx_tim.o(i.TI4_Config), (80 bytes).
    Removing stm32f4xx_tim.o(i.TIM_BDTRConfig), (32 bytes).
    Removing stm32f4xx_tim.o(i.TIM_BDTRStructInit), (18 bytes).
    Removing stm32f4xx_tim.o(i.TIM_CCPreloadControl), (24 bytes).
    Removing stm32f4xx_tim.o(i.TIM_CCxCmd), (30 bytes).
    Removing stm32f4xx_tim.o(i.TIM_CCxNCmd), (30 bytes).
    Removing stm32f4xx_tim.o(i.TIM_ClearOC1Ref), (18 bytes).
    Removing stm32f4xx_tim.o(i.TIM_ClearOC2Ref), (24 bytes).
    Removing stm32f4xx_tim.o(i.TIM_ClearOC3Ref), (18 bytes).
    Removing stm32f4xx_tim.o(i.TIM_ClearOC4Ref), (24 bytes).
    Removing stm32f4xx_tim.o(i.TIM_CounterModeConfig), (18 bytes).
    Removing stm32f4xx_tim.o(i.TIM_CtrlPWMOutputs), (30 bytes).
    Removing stm32f4xx_tim.o(i.TIM_DMACmd), (18 bytes).
    Removing stm32f4xx_tim.o(i.TIM_DMAConfig), (10 bytes).
    Removing stm32f4xx_tim.o(i.TIM_DeInit), (400 bytes).
    Removing stm32f4xx_tim.o(i.TIM_ETRClockMode1Config), (54 bytes).
    Removing stm32f4xx_tim.o(i.TIM_ETRClockMode2Config), (32 bytes).
    Removing stm32f4xx_tim.o(i.TIM_ETRConfig), (28 bytes).
    Removing stm32f4xx_tim.o(i.TIM_EncoderInterfaceConfig), (66 bytes).
    Removing stm32f4xx_tim.o(i.TIM_ForcedOC1Config), (18 bytes).
    Removing stm32f4xx_tim.o(i.TIM_ForcedOC2Config), (26 bytes).
    Removing stm32f4xx_tim.o(i.TIM_ForcedOC3Config), (18 bytes).
    Removing stm32f4xx_tim.o(i.TIM_ForcedOC4Config), (26 bytes).
    Removing stm32f4xx_tim.o(i.TIM_GenerateEvent), (4 bytes).
    Removing stm32f4xx_tim.o(i.TIM_GetCapture1), (6 bytes).
    Removing stm32f4xx_tim.o(i.TIM_GetCapture2), (6 bytes).
    Removing stm32f4xx_tim.o(i.TIM_GetCapture3), (6 bytes).
    Removing stm32f4xx_tim.o(i.TIM_GetCapture4), (6 bytes).
    Removing stm32f4xx_tim.o(i.TIM_GetCounter), (6 bytes).
    Removing stm32f4xx_tim.o(i.TIM_GetFlagStatus), (18 bytes).
    Removing stm32f4xx_tim.o(i.TIM_GetPrescaler), (6 bytes).
    Removing stm32f4xx_tim.o(i.TIM_ICInit), (110 bytes).
    Removing stm32f4xx_tim.o(i.TIM_ICStructInit), (18 bytes).
    Removing stm32f4xx_tim.o(i.TIM_ITRxExternalClockConfig), (24 bytes).
    Removing stm32f4xx_tim.o(i.TIM_InternalClockConfig), (12 bytes).
    Removing stm32f4xx_tim.o(i.TIM_OC1FastConfig), (18 bytes).
    Removing stm32f4xx_tim.o(i.TIM_OC1Init), (124 bytes).
    Removing stm32f4xx_tim.o(i.TIM_OC1NPolarityConfig), (18 bytes).
    Removing stm32f4xx_tim.o(i.TIM_OC1PolarityConfig), (18 bytes).
    Removing stm32f4xx_tim.o(i.TIM_OC1PreloadConfig), (18 bytes).
    Removing stm32f4xx_tim.o(i.TIM_OC2FastConfig), (26 bytes).
    Removing stm32f4xx_tim.o(i.TIM_OC2Init), (164 bytes).
    Removing stm32f4xx_tim.o(i.TIM_OC2NPolarityConfig), (26 bytes).
    Removing stm32f4xx_tim.o(i.TIM_OC2PolarityConfig), (26 bytes).
    Removing stm32f4xx_tim.o(i.TIM_OC2PreloadConfig), (26 bytes).
    Removing stm32f4xx_tim.o(i.TIM_OC3FastConfig), (18 bytes).
    Removing stm32f4xx_tim.o(i.TIM_OC3Init), (160 bytes).
    Removing stm32f4xx_tim.o(i.TIM_OC3NPolarityConfig), (26 bytes).
    Removing stm32f4xx_tim.o(i.TIM_OC3PolarityConfig), (26 bytes).
    Removing stm32f4xx_tim.o(i.TIM_OC3PreloadConfig), (18 bytes).
    Removing stm32f4xx_tim.o(i.TIM_OC4FastConfig), (26 bytes).
    Removing stm32f4xx_tim.o(i.TIM_OC4Init), (120 bytes).
    Removing stm32f4xx_tim.o(i.TIM_OC4PolarityConfig), (26 bytes).
    Removing stm32f4xx_tim.o(i.TIM_OC4PreloadConfig), (26 bytes).
    Removing stm32f4xx_tim.o(i.TIM_OCStructInit), (20 bytes).
    Removing stm32f4xx_tim.o(i.TIM_PWMIConfig), (124 bytes).
    Removing stm32f4xx_tim.o(i.TIM_PrescalerConfig), (6 bytes).
    Removing stm32f4xx_tim.o(i.TIM_RemapConfig), (6 bytes).
    Removing stm32f4xx_tim.o(i.TIM_SelectCCDMA), (24 bytes).
    Removing stm32f4xx_tim.o(i.TIM_SelectCOM), (24 bytes).
    Removing stm32f4xx_tim.o(i.TIM_SelectHallSensor), (24 bytes).
    Removing stm32f4xx_tim.o(i.TIM_SelectInputTrigger), (18 bytes).
    Removing stm32f4xx_tim.o(i.TIM_SelectMasterSlaveMode), (18 bytes).
    Removing stm32f4xx_tim.o(i.TIM_SelectOCxM), (86 bytes).
    Removing stm32f4xx_tim.o(i.TIM_SelectOnePulseMode), (18 bytes).
    Removing stm32f4xx_tim.o(i.TIM_SelectSlaveMode), (18 bytes).
    Removing stm32f4xx_tim.o(i.TIM_SetAutoreload), (4 bytes).
    Removing stm32f4xx_tim.o(i.TIM_SetClockDivision), (18 bytes).
    Removing stm32f4xx_tim.o(i.TIM_SetCompare1), (4 bytes).
    Removing stm32f4xx_tim.o(i.TIM_SetCompare2), (4 bytes).
    Removing stm32f4xx_tim.o(i.TIM_SetCompare3), (4 bytes).
    Removing stm32f4xx_tim.o(i.TIM_SetCompare4), (4 bytes).
    Removing stm32f4xx_tim.o(i.TIM_SetCounter), (4 bytes).
    Removing stm32f4xx_tim.o(i.TIM_SetIC1Prescaler), (18 bytes).
    Removing stm32f4xx_tim.o(i.TIM_SetIC2Prescaler), (26 bytes).
    Removing stm32f4xx_tim.o(i.TIM_SetIC3Prescaler), (18 bytes).
    Removing stm32f4xx_tim.o(i.TIM_SetIC4Prescaler), (26 bytes).
    Removing stm32f4xx_tim.o(i.TIM_TIxExternalClockConfig), (62 bytes).
    Removing stm32f4xx_tim.o(i.TIM_TimeBaseStructInit), (18 bytes).
    Removing stm32f4xx_tim.o(i.TIM_UpdateDisableConfig), (24 bytes).
    Removing stm32f4xx_tim.o(i.TIM_UpdateRequestConfig), (24 bytes).
    Removing stm32f4xx_usart.o(.rev16_text), (4 bytes).
    Removing stm32f4xx_usart.o(.revsh_text), (4 bytes).
    Removing stm32f4xx_usart.o(.rrx_text), (6 bytes).
    Removing stm32f4xx_usart.o(i.USART_ClearFlag), (18 bytes).
    Removing stm32f4xx_usart.o(i.USART_ClockInit), (32 bytes).
    Removing stm32f4xx_usart.o(i.USART_ClockStructInit), (12 bytes).
    Removing stm32f4xx_usart.o(i.USART_DMACmd), (18 bytes).
    Removing stm32f4xx_usart.o(i.USART_DeInit), (240 bytes).
    Removing stm32f4xx_usart.o(i.USART_GetITStatus), (84 bytes).
    Removing stm32f4xx_usart.o(i.USART_HalfDuplexCmd), (24 bytes).
    Removing stm32f4xx_usart.o(i.USART_IrDACmd), (24 bytes).
    Removing stm32f4xx_usart.o(i.USART_IrDAConfig), (18 bytes).
    Removing stm32f4xx_usart.o(i.USART_LINBreakDetectLengthConfig), (18 bytes).
    Removing stm32f4xx_usart.o(i.USART_LINCmd), (24 bytes).
    Removing stm32f4xx_usart.o(i.USART_OneBitMethodCmd), (24 bytes).
    Removing stm32f4xx_usart.o(i.USART_OverSampling8Cmd), (22 bytes).
    Removing stm32f4xx_usart.o(i.USART_ReceiverWakeUpCmd), (24 bytes).
    Removing stm32f4xx_usart.o(i.USART_SendBreak), (10 bytes).
    Removing stm32f4xx_usart.o(i.USART_SetAddress), (18 bytes).
    Removing stm32f4xx_usart.o(i.USART_SetGuardTime), (16 bytes).
    Removing stm32f4xx_usart.o(i.USART_SetPrescaler), (16 bytes).
    Removing stm32f4xx_usart.o(i.USART_SmartCardCmd), (24 bytes).
    Removing stm32f4xx_usart.o(i.USART_SmartCardNACKCmd), (24 bytes).
    Removing stm32f4xx_usart.o(i.USART_StructInit), (24 bytes).
    Removing stm32f4xx_usart.o(i.USART_WakeUpConfig), (18 bytes).
    Removing stm32f4xx_wwdg.o(.rev16_text), (4 bytes).
    Removing stm32f4xx_wwdg.o(.revsh_text), (4 bytes).
    Removing stm32f4xx_wwdg.o(.rrx_text), (6 bytes).
    Removing stm32f4xx_wwdg.o(i.WWDG_ClearFlag), (12 bytes).
    Removing stm32f4xx_wwdg.o(i.WWDG_DeInit), (22 bytes).
    Removing stm32f4xx_wwdg.o(i.WWDG_Enable), (16 bytes).
    Removing stm32f4xx_wwdg.o(i.WWDG_EnableIT), (12 bytes).
    Removing stm32f4xx_wwdg.o(i.WWDG_GetFlagStatus), (20 bytes).
    Removing stm32f4xx_wwdg.o(i.WWDG_SetCounter), (16 bytes).
    Removing stm32f4xx_wwdg.o(i.WWDG_SetPrescaler), (24 bytes).
    Removing stm32f4xx_wwdg.o(i.WWDG_SetWindowValue), (40 bytes).
    Removing system_stm32f4xx.o(.rev16_text), (4 bytes).
    Removing system_stm32f4xx.o(.revsh_text), (4 bytes).
    Removing system_stm32f4xx.o(.rrx_text), (6 bytes).
    Removing system_stm32f4xx.o(i.SystemCoreClockUpdate), (192 bytes).
    Removing system_stm32f4xx.o(.data), (20 bytes).
    Removing serial.o(.rev16_text), (4 bytes).
    Removing serial.o(.revsh_text), (4 bytes).
    Removing serial.o(.rrx_text), (6 bytes).
    Removing serial.o(i.Serial_End), (22 bytes).
    Removing serial.o(i.Serial_LookUpData), (32 bytes).
    Removing serial.o(i.Serial_SendArray), (24 bytes).
    Removing serial.o(i.Serial_SendNumber), (80 bytes).
    Removing serial.o(i.fputc), (16 bytes).
    Removing tim.o(.rev16_text), (4 bytes).
    Removing tim.o(.revsh_text), (4 bytes).
    Removing tim.o(.rrx_text), (6 bytes).
    Removing delay.o(.rev16_text), (4 bytes).
    Removing delay.o(.revsh_text), (4 bytes).
    Removing delay.o(.rrx_text), (6 bytes).
    Removing delay.o(i.delay_s), (24 bytes).
    Removing myspi.o(.rev16_text), (4 bytes).
    Removing myspi.o(.revsh_text), (4 bytes).
    Removing myspi.o(.rrx_text), (6 bytes).
    Removing myspi.o(i.SPI2_Init), (192 bytes).
    Removing myspi.o(i.SPI2_ReadWriteByte), (84 bytes).
    Removing adcdma.o(.rev16_text), (4 bytes).
    Removing adcdma.o(.revsh_text), (4 bytes).
    Removing adcdma.o(.rrx_text), (6 bytes).
    Removing gpio.o(.rev16_text), (4 bytes).
    Removing gpio.o(.revsh_text), (4 bytes).
    Removing gpio.o(.rrx_text), (6 bytes).
    Removing exti.o(.rev16_text), (4 bytes).
    Removing exti.o(.revsh_text), (4 bytes).
    Removing exti.o(.rrx_text), (6 bytes).
    Removing vofa.o(.rev16_text), (4 bytes).
    Removing vofa.o(.revsh_text), (4 bytes).
    Removing vofa.o(.rrx_text), (6 bytes).
    Removing vofa.o(i.JustFloat_Send), (88 bytes).
    Removing vofa.o(.data), (12 bytes).
    Removing fftanalysis.o(.rev16_text), (4 bytes).
    Removing fftanalysis.o(.revsh_text), (4 bytes).
    Removing fftanalysis.o(.rrx_text), (6 bytes).
    Removing fftanalysis.o(i.GetMaxSpec), (44 bytes).
    Removing fftanalysis.o(i.GetPowerMag), (248 bytes).
    Removing main.o(.rev16_text), (4 bytes).
    Removing main.o(.revsh_text), (4 bytes).
    Removing main.o(.rrx_text), (6 bytes).
    Removing stm32f4xx_it.o(.rev16_text), (4 bytes).
    Removing stm32f4xx_it.o(.revsh_text), (4 bytes).
    Removing stm32f4xx_it.o(.rrx_text), (6 bytes).
    Removing cr4_fft_64_stm32.o(.text), (718 bytes).
    Removing cr4_fft_256_stm32.o(.text), (1502 bytes).
    Removing dneg.o(.text), (6 bytes).

789 unused section(s) (total 34990 bytes) removed from the image.

==============================================================================

Image Symbol Table

    Local Symbols

    Symbol Name                              Value     Ov Type        Size  Object(Section)

    ../clib/microlib/division.c              0x00000000   Number         0  uldiv.o ABSOLUTE
    ../clib/microlib/division.c              0x00000000   Number         0  uidiv.o ABSOLUTE
    ../clib/microlib/errno.c                 0x00000000   Number         0  errno.o ABSOLUTE
    ../clib/microlib/init/entry.s            0x00000000   Number         0  entry12b.o ABSOLUTE
    ../clib/microlib/init/entry.s            0x00000000   Number         0  entry5.o ABSOLUTE
    ../clib/microlib/init/entry.s            0x00000000   Number         0  entry7a.o ABSOLUTE
    ../clib/microlib/init/entry.s            0x00000000   Number         0  entry7b.o ABSOLUTE
    ../clib/microlib/init/entry.s            0x00000000   Number         0  entry8a.o ABSOLUTE
    ../clib/microlib/init/entry.s            0x00000000   Number         0  entry10b.o ABSOLUTE
    ../clib/microlib/init/entry.s            0x00000000   Number         0  entry10a.o ABSOLUTE
    ../clib/microlib/init/entry.s            0x00000000   Number         0  entry8b.o ABSOLUTE
    ../clib/microlib/init/entry.s            0x00000000   Number         0  entry.o ABSOLUTE
    ../clib/microlib/init/entry.s            0x00000000   Number         0  entry11a.o ABSOLUTE
    ../clib/microlib/init/entry.s            0x00000000   Number         0  entry11b.o ABSOLUTE
    ../clib/microlib/init/entry.s            0x00000000   Number         0  entry9a.o ABSOLUTE
    ../clib/microlib/init/entry.s            0x00000000   Number         0  entry9b.o ABSOLUTE
    ../clib/microlib/init/entry.s            0x00000000   Number         0  entry12a.o ABSOLUTE
    ../clib/microlib/init/entry.s            0x00000000   Number         0  entry2.o ABSOLUTE
    ../clib/microlib/longlong.c              0x00000000   Number         0  llshl.o ABSOLUTE
    ../clib/microlib/longlong.c              0x00000000   Number         0  llsshr.o ABSOLUTE
    ../clib/microlib/longlong.c              0x00000000   Number         0  llushr.o ABSOLUTE
    ../clib/microlib/printf/printf.c         0x00000000   Number         0  printfa.o ABSOLUTE
    ../clib/microlib/stdio/streams.c         0x00000000   Number         0  stdout.o ABSOLUTE
    ../clib/microlib/stubs.s                 0x00000000   Number         0  iusefp.o ABSOLUTE
    ../fplib/microlib/d2f.c                  0x00000000   Number         0  d2f.o ABSOLUTE
    ../fplib/microlib/f2d.c                  0x00000000   Number         0  f2d.o ABSOLUTE
    ../fplib/microlib/fpadd.c                0x00000000   Number         0  dadd.o ABSOLUTE
    ../fplib/microlib/fpdiv.c                0x00000000   Number         0  ddiv.o ABSOLUTE
    ../fplib/microlib/fpepilogue.c           0x00000000   Number         0  depilogue.o ABSOLUTE
    ../fplib/microlib/fpepilogue.c           0x00000000   Number         0  fepilogue.o ABSOLUTE
    ../fplib/microlib/fpfix.c                0x00000000   Number         0  dfixul.o ABSOLUTE
    ../fplib/microlib/fpflt.c                0x00000000   Number         0  dflti.o ABSOLUTE
    ../fplib/microlib/fpmul.c                0x00000000   Number         0  dmul.o ABSOLUTE
    ../fplib/microlib/fpneg.c                0x00000000   Number         0  dneg.o ABSOLUTE
    ../fplib/microlib/fpsqrt.c               0x00000000   Number         0  dsqrt.o ABSOLUTE
    ../mathlib/atan.c                        0x00000000   Number         0  atan.o ABSOLUTE
    ../mathlib/atan.c                        0x00000000   Number         0  atan_x.o ABSOLUTE
    ../mathlib/atan2.c                       0x00000000   Number         0  atan2.o ABSOLUTE
    ../mathlib/atan2.c                       0x00000000   Number         0  atan2_x.o ABSOLUTE
    ../mathlib/dunder.c                      0x00000000   Number         0  dunder.o ABSOLUTE
    ../mathlib/fabs.c                        0x00000000   Number         0  fabs.o ABSOLUTE
    ../mathlib/fpclassify.c                  0x00000000   Number         0  fpclassify.o ABSOLUTE
    ../mathlib/poly.c                        0x00000000   Number         0  poly.o ABSOLUTE
    ../mathlib/qnan.c                        0x00000000   Number         0  qnan.o ABSOLUTE
    ../mathlib/sqrt.c                        0x00000000   Number         0  sqrt.o ABSOLUTE
    ../mathlib/sqrt.c                        0x00000000   Number         0  sqrt_x.o ABSOLUTE
    ..\..\Hardware\ADCDMA.c                  0x00000000   Number         0  adcdma.o ABSOLUTE
    ..\..\Hardware\Delay.c                   0x00000000   Number         0  delay.o ABSOLUTE
    ..\..\Hardware\EXTI.c                    0x00000000   Number         0  exti.o ABSOLUTE
    ..\..\Hardware\FFTAnalysis.c             0x00000000   Number         0  fftanalysis.o ABSOLUTE
    ..\..\Hardware\GPIO.c                    0x00000000   Number         0  gpio.o ABSOLUTE
    ..\..\Hardware\Serial.c                  0x00000000   Number         0  serial.o ABSOLUTE
    ..\..\Hardware\TIM.c                     0x00000000   Number         0  tim.o ABSOLUTE
    ..\..\Hardware\VOFA.c                    0x00000000   Number         0  vofa.o ABSOLUTE
    ..\..\Hardware\mySPI.c                   0x00000000   Number         0  myspi.o ABSOLUTE
    ..\..\Libraries\CMSIS\Device\ST\STM32F4xx\Source\Templates\arm\startup_stm32f40xx.s 0x00000000   Number         0  startup_stm32f40xx.o ABSOLUTE
    ..\..\Libraries\CMSIS\Device\ST\STM32F4xx\Source\Templates\system_stm32f4xx.c 0x00000000   Number         0  system_stm32f4xx.o ABSOLUTE
    ..\..\Libraries\STM32F4xx_StdPeriph_Driver\src\misc.c 0x00000000   Number         0  misc.o ABSOLUTE
    ..\..\Libraries\STM32F4xx_StdPeriph_Driver\src\stm32f4xx_adc.c 0x00000000   Number         0  stm32f4xx_adc.o ABSOLUTE
    ..\..\Libraries\STM32F4xx_StdPeriph_Driver\src\stm32f4xx_can.c 0x00000000   Number         0  stm32f4xx_can.o ABSOLUTE
    ..\..\Libraries\STM32F4xx_StdPeriph_Driver\src\stm32f4xx_cec.c 0x00000000   Number         0  stm32f4xx_cec.o ABSOLUTE
    ..\..\Libraries\STM32F4xx_StdPeriph_Driver\src\stm32f4xx_crc.c 0x00000000   Number         0  stm32f4xx_crc.o ABSOLUTE
    ..\..\Libraries\STM32F4xx_StdPeriph_Driver\src\stm32f4xx_cryp.c 0x00000000   Number         0  stm32f4xx_cryp.o ABSOLUTE
    ..\..\Libraries\STM32F4xx_StdPeriph_Driver\src\stm32f4xx_cryp_aes.c 0x00000000   Number         0  stm32f4xx_cryp_aes.o ABSOLUTE
    ..\..\Libraries\STM32F4xx_StdPeriph_Driver\src\stm32f4xx_cryp_des.c 0x00000000   Number         0  stm32f4xx_cryp_des.o ABSOLUTE
    ..\..\Libraries\STM32F4xx_StdPeriph_Driver\src\stm32f4xx_cryp_tdes.c 0x00000000   Number         0  stm32f4xx_cryp_tdes.o ABSOLUTE
    ..\..\Libraries\STM32F4xx_StdPeriph_Driver\src\stm32f4xx_dac.c 0x00000000   Number         0  stm32f4xx_dac.o ABSOLUTE
    ..\..\Libraries\STM32F4xx_StdPeriph_Driver\src\stm32f4xx_dbgmcu.c 0x00000000   Number         0  stm32f4xx_dbgmcu.o ABSOLUTE
    ..\..\Libraries\STM32F4xx_StdPeriph_Driver\src\stm32f4xx_dcmi.c 0x00000000   Number         0  stm32f4xx_dcmi.o ABSOLUTE
    ..\..\Libraries\STM32F4xx_StdPeriph_Driver\src\stm32f4xx_dfsdm.c 0x00000000   Number         0  stm32f4xx_dfsdm.o ABSOLUTE
    ..\..\Libraries\STM32F4xx_StdPeriph_Driver\src\stm32f4xx_dma.c 0x00000000   Number         0  stm32f4xx_dma.o ABSOLUTE
    ..\..\Libraries\STM32F4xx_StdPeriph_Driver\src\stm32f4xx_dsi.c 0x00000000   Number         0  stm32f4xx_dsi.o ABSOLUTE
    ..\..\Libraries\STM32F4xx_StdPeriph_Driver\src\stm32f4xx_exti.c 0x00000000   Number         0  stm32f4xx_exti.o ABSOLUTE
    ..\..\Libraries\STM32F4xx_StdPeriph_Driver\src\stm32f4xx_flash.c 0x00000000   Number         0  stm32f4xx_flash.o ABSOLUTE
    ..\..\Libraries\STM32F4xx_StdPeriph_Driver\src\stm32f4xx_flash_ramfunc.c 0x00000000   Number         0  stm32f4xx_flash_ramfunc.o ABSOLUTE
    ..\..\Libraries\STM32F4xx_StdPeriph_Driver\src\stm32f4xx_fmpi2c.c 0x00000000   Number         0  stm32f4xx_fmpi2c.o ABSOLUTE
    ..\..\Libraries\STM32F4xx_StdPeriph_Driver\src\stm32f4xx_fsmc.c 0x00000000   Number         0  stm32f4xx_fsmc.o ABSOLUTE
    ..\..\Libraries\STM32F4xx_StdPeriph_Driver\src\stm32f4xx_gpio.c 0x00000000   Number         0  stm32f4xx_gpio.o ABSOLUTE
    ..\..\Libraries\STM32F4xx_StdPeriph_Driver\src\stm32f4xx_hash.c 0x00000000   Number         0  stm32f4xx_hash.o ABSOLUTE
    ..\..\Libraries\STM32F4xx_StdPeriph_Driver\src\stm32f4xx_hash_md5.c 0x00000000   Number         0  stm32f4xx_hash_md5.o ABSOLUTE
    ..\..\Libraries\STM32F4xx_StdPeriph_Driver\src\stm32f4xx_hash_sha1.c 0x00000000   Number         0  stm32f4xx_hash_sha1.o ABSOLUTE
    ..\..\Libraries\STM32F4xx_StdPeriph_Driver\src\stm32f4xx_i2c.c 0x00000000   Number         0  stm32f4xx_i2c.o ABSOLUTE
    ..\..\Libraries\STM32F4xx_StdPeriph_Driver\src\stm32f4xx_iwdg.c 0x00000000   Number         0  stm32f4xx_iwdg.o ABSOLUTE
    ..\..\Libraries\STM32F4xx_StdPeriph_Driver\src\stm32f4xx_lptim.c 0x00000000   Number         0  stm32f4xx_lptim.o ABSOLUTE
    ..\..\Libraries\STM32F4xx_StdPeriph_Driver\src\stm32f4xx_pwr.c 0x00000000   Number         0  stm32f4xx_pwr.o ABSOLUTE
    ..\..\Libraries\STM32F4xx_StdPeriph_Driver\src\stm32f4xx_qspi.c 0x00000000   Number         0  stm32f4xx_qspi.o ABSOLUTE
    ..\..\Libraries\STM32F4xx_StdPeriph_Driver\src\stm32f4xx_rcc.c 0x00000000   Number         0  stm32f4xx_rcc.o ABSOLUTE
    ..\..\Libraries\STM32F4xx_StdPeriph_Driver\src\stm32f4xx_rng.c 0x00000000   Number         0  stm32f4xx_rng.o ABSOLUTE
    ..\..\Libraries\STM32F4xx_StdPeriph_Driver\src\stm32f4xx_rtc.c 0x00000000   Number         0  stm32f4xx_rtc.o ABSOLUTE
    ..\..\Libraries\STM32F4xx_StdPeriph_Driver\src\stm32f4xx_sai.c 0x00000000   Number         0  stm32f4xx_sai.o ABSOLUTE
    ..\..\Libraries\STM32F4xx_StdPeriph_Driver\src\stm32f4xx_sdio.c 0x00000000   Number         0  stm32f4xx_sdio.o ABSOLUTE
    ..\..\Libraries\STM32F4xx_StdPeriph_Driver\src\stm32f4xx_spdifrx.c 0x00000000   Number         0  stm32f4xx_spdifrx.o ABSOLUTE
    ..\..\Libraries\STM32F4xx_StdPeriph_Driver\src\stm32f4xx_spi.c 0x00000000   Number         0  stm32f4xx_spi.o ABSOLUTE
    ..\..\Libraries\STM32F4xx_StdPeriph_Driver\src\stm32f4xx_syscfg.c 0x00000000   Number         0  stm32f4xx_syscfg.o ABSOLUTE
    ..\..\Libraries\STM32F4xx_StdPeriph_Driver\src\stm32f4xx_tim.c 0x00000000   Number         0  stm32f4xx_tim.o ABSOLUTE
    ..\..\Libraries\STM32F4xx_StdPeriph_Driver\src\stm32f4xx_usart.c 0x00000000   Number         0  stm32f4xx_usart.o ABSOLUTE
    ..\..\Libraries\STM32F4xx_StdPeriph_Driver\src\stm32f4xx_wwdg.c 0x00000000   Number         0  stm32f4xx_wwdg.o ABSOLUTE
    ..\..\User\fft\src\asm\arm\cr4_fft_1024_stm32.s 0x00000000   Number         0  cr4_fft_1024_stm32.o ABSOLUTE
    ..\..\User\fft\src\asm\arm\cr4_fft_256_stm32.s 0x00000000   Number         0  cr4_fft_256_stm32.o ABSOLUTE
    ..\..\User\fft\src\asm\arm\cr4_fft_64_stm32.s 0x00000000   Number         0  cr4_fft_64_stm32.o ABSOLUTE
    ..\..\User\main.c                        0x00000000   Number         0  main.o ABSOLUTE
    ..\..\User\stm32f4xx_it.c                0x00000000   Number         0  stm32f4xx_it.o ABSOLUTE
    ..\\..\\Hardware\\ADCDMA.c               0x00000000   Number         0  adcdma.o ABSOLUTE
    ..\\..\\Hardware\\Delay.c                0x00000000   Number         0  delay.o ABSOLUTE
    ..\\..\\Hardware\\EXTI.c                 0x00000000   Number         0  exti.o ABSOLUTE
    ..\\..\\Hardware\\FFTAnalysis.c          0x00000000   Number         0  fftanalysis.o ABSOLUTE
    ..\\..\\Hardware\\GPIO.c                 0x00000000   Number         0  gpio.o ABSOLUTE
    ..\\..\\Hardware\\Serial.c               0x00000000   Number         0  serial.o ABSOLUTE
    ..\\..\\Hardware\\TIM.c                  0x00000000   Number         0  tim.o ABSOLUTE
    ..\\..\\Hardware\\VOFA.c                 0x00000000   Number         0  vofa.o ABSOLUTE
    ..\\..\\Hardware\\mySPI.c                0x00000000   Number         0  myspi.o ABSOLUTE
    ..\\..\\Libraries\\CMSIS\\Device\\ST\\STM32F4xx\\Source\\Templates\\system_stm32f4xx.c 0x00000000   Number         0  system_stm32f4xx.o ABSOLUTE
    ..\\..\\Libraries\\STM32F4xx_StdPeriph_Driver\\src\\misc.c 0x00000000   Number         0  misc.o ABSOLUTE
    ..\\..\\Libraries\\STM32F4xx_StdPeriph_Driver\\src\\stm32f4xx_adc.c 0x00000000   Number         0  stm32f4xx_adc.o ABSOLUTE
    ..\\..\\Libraries\\STM32F4xx_StdPeriph_Driver\\src\\stm32f4xx_can.c 0x00000000   Number         0  stm32f4xx_can.o ABSOLUTE
    ..\\..\\Libraries\\STM32F4xx_StdPeriph_Driver\\src\\stm32f4xx_cec.c 0x00000000   Number         0  stm32f4xx_cec.o ABSOLUTE
    ..\\..\\Libraries\\STM32F4xx_StdPeriph_Driver\\src\\stm32f4xx_crc.c 0x00000000   Number         0  stm32f4xx_crc.o ABSOLUTE
    ..\\..\\Libraries\\STM32F4xx_StdPeriph_Driver\\src\\stm32f4xx_cryp.c 0x00000000   Number         0  stm32f4xx_cryp.o ABSOLUTE
    ..\\..\\Libraries\\STM32F4xx_StdPeriph_Driver\\src\\stm32f4xx_cryp_aes.c 0x00000000   Number         0  stm32f4xx_cryp_aes.o ABSOLUTE
    ..\\..\\Libraries\\STM32F4xx_StdPeriph_Driver\\src\\stm32f4xx_cryp_des.c 0x00000000   Number         0  stm32f4xx_cryp_des.o ABSOLUTE
    ..\\..\\Libraries\\STM32F4xx_StdPeriph_Driver\\src\\stm32f4xx_cryp_tdes.c 0x00000000   Number         0  stm32f4xx_cryp_tdes.o ABSOLUTE
    ..\\..\\Libraries\\STM32F4xx_StdPeriph_Driver\\src\\stm32f4xx_dac.c 0x00000000   Number         0  stm32f4xx_dac.o ABSOLUTE
    ..\\..\\Libraries\\STM32F4xx_StdPeriph_Driver\\src\\stm32f4xx_dbgmcu.c 0x00000000   Number         0  stm32f4xx_dbgmcu.o ABSOLUTE
    ..\\..\\Libraries\\STM32F4xx_StdPeriph_Driver\\src\\stm32f4xx_dcmi.c 0x00000000   Number         0  stm32f4xx_dcmi.o ABSOLUTE
    ..\\..\\Libraries\\STM32F4xx_StdPeriph_Driver\\src\\stm32f4xx_dfsdm.c 0x00000000   Number         0  stm32f4xx_dfsdm.o ABSOLUTE
    ..\\..\\Libraries\\STM32F4xx_StdPeriph_Driver\\src\\stm32f4xx_dma.c 0x00000000   Number         0  stm32f4xx_dma.o ABSOLUTE
    ..\\..\\Libraries\\STM32F4xx_StdPeriph_Driver\\src\\stm32f4xx_dsi.c 0x00000000   Number         0  stm32f4xx_dsi.o ABSOLUTE
    ..\\..\\Libraries\\STM32F4xx_StdPeriph_Driver\\src\\stm32f4xx_exti.c 0x00000000   Number         0  stm32f4xx_exti.o ABSOLUTE
    ..\\..\\Libraries\\STM32F4xx_StdPeriph_Driver\\src\\stm32f4xx_flash.c 0x00000000   Number         0  stm32f4xx_flash.o ABSOLUTE
    ..\\..\\Libraries\\STM32F4xx_StdPeriph_Driver\\src\\stm32f4xx_flash_ramfunc.c 0x00000000   Number         0  stm32f4xx_flash_ramfunc.o ABSOLUTE
    ..\\..\\Libraries\\STM32F4xx_StdPeriph_Driver\\src\\stm32f4xx_fmpi2c.c 0x00000000   Number         0  stm32f4xx_fmpi2c.o ABSOLUTE
    ..\\..\\Libraries\\STM32F4xx_StdPeriph_Driver\\src\\stm32f4xx_fsmc.c 0x00000000   Number         0  stm32f4xx_fsmc.o ABSOLUTE
    ..\\..\\Libraries\\STM32F4xx_StdPeriph_Driver\\src\\stm32f4xx_gpio.c 0x00000000   Number         0  stm32f4xx_gpio.o ABSOLUTE
    ..\\..\\Libraries\\STM32F4xx_StdPeriph_Driver\\src\\stm32f4xx_hash.c 0x00000000   Number         0  stm32f4xx_hash.o ABSOLUTE
    ..\\..\\Libraries\\STM32F4xx_StdPeriph_Driver\\src\\stm32f4xx_hash_md5.c 0x00000000   Number         0  stm32f4xx_hash_md5.o ABSOLUTE
    ..\\..\\Libraries\\STM32F4xx_StdPeriph_Driver\\src\\stm32f4xx_hash_sha1.c 0x00000000   Number         0  stm32f4xx_hash_sha1.o ABSOLUTE
    ..\\..\\Libraries\\STM32F4xx_StdPeriph_Driver\\src\\stm32f4xx_i2c.c 0x00000000   Number         0  stm32f4xx_i2c.o ABSOLUTE
    ..\\..\\Libraries\\STM32F4xx_StdPeriph_Driver\\src\\stm32f4xx_iwdg.c 0x00000000   Number         0  stm32f4xx_iwdg.o ABSOLUTE
    ..\\..\\Libraries\\STM32F4xx_StdPeriph_Driver\\src\\stm32f4xx_lptim.c 0x00000000   Number         0  stm32f4xx_lptim.o ABSOLUTE
    ..\\..\\Libraries\\STM32F4xx_StdPeriph_Driver\\src\\stm32f4xx_pwr.c 0x00000000   Number         0  stm32f4xx_pwr.o ABSOLUTE
    ..\\..\\Libraries\\STM32F4xx_StdPeriph_Driver\\src\\stm32f4xx_qspi.c 0x00000000   Number         0  stm32f4xx_qspi.o ABSOLUTE
    ..\\..\\Libraries\\STM32F4xx_StdPeriph_Driver\\src\\stm32f4xx_rcc.c 0x00000000   Number         0  stm32f4xx_rcc.o ABSOLUTE
    ..\\..\\Libraries\\STM32F4xx_StdPeriph_Driver\\src\\stm32f4xx_rng.c 0x00000000   Number         0  stm32f4xx_rng.o ABSOLUTE
    ..\\..\\Libraries\\STM32F4xx_StdPeriph_Driver\\src\\stm32f4xx_rtc.c 0x00000000   Number         0  stm32f4xx_rtc.o ABSOLUTE
    ..\\..\\Libraries\\STM32F4xx_StdPeriph_Driver\\src\\stm32f4xx_sai.c 0x00000000   Number         0  stm32f4xx_sai.o ABSOLUTE
    ..\\..\\Libraries\\STM32F4xx_StdPeriph_Driver\\src\\stm32f4xx_sdio.c 0x00000000   Number         0  stm32f4xx_sdio.o ABSOLUTE
    ..\\..\\Libraries\\STM32F4xx_StdPeriph_Driver\\src\\stm32f4xx_spdifrx.c 0x00000000   Number         0  stm32f4xx_spdifrx.o ABSOLUTE
    ..\\..\\Libraries\\STM32F4xx_StdPeriph_Driver\\src\\stm32f4xx_spi.c 0x00000000   Number         0  stm32f4xx_spi.o ABSOLUTE
    ..\\..\\Libraries\\STM32F4xx_StdPeriph_Driver\\src\\stm32f4xx_syscfg.c 0x00000000   Number         0  stm32f4xx_syscfg.o ABSOLUTE
    ..\\..\\Libraries\\STM32F4xx_StdPeriph_Driver\\src\\stm32f4xx_tim.c 0x00000000   Number         0  stm32f4xx_tim.o ABSOLUTE
    ..\\..\\Libraries\\STM32F4xx_StdPeriph_Driver\\src\\stm32f4xx_usart.c 0x00000000   Number         0  stm32f4xx_usart.o ABSOLUTE
    ..\\..\\Libraries\\STM32F4xx_StdPeriph_Driver\\src\\stm32f4xx_wwdg.c 0x00000000   Number         0  stm32f4xx_wwdg.o ABSOLUTE
    ..\\..\\User\\main.c                     0x00000000   Number         0  main.o ABSOLUTE
    ..\\..\\User\\stm32f4xx_it.c             0x00000000   Number         0  stm32f4xx_it.o ABSOLUTE
    cdcmple.s                                0x00000000   Number         0  cdcmple.o ABSOLUTE
    cdrcmple.s                               0x00000000   Number         0  cdrcmple.o ABSOLUTE
    dc.s                                     0x00000000   Number         0  dc.o ABSOLUTE
    handlers.s                               0x00000000   Number         0  handlers.o ABSOLUTE
    init.s                                   0x00000000   Number         0  init.o ABSOLUTE
    RESET                                    0x08000000   Section      392  startup_stm32f40xx.o(RESET)
    .ARM.Collect$$$$00000000                 0x08000188   Section        0  entry.o(.ARM.Collect$$$$00000000)
    .ARM.Collect$$$$00000001                 0x08000188   Section        4  entry2.o(.ARM.Collect$$$$00000001)
    .ARM.Collect$$$$00000004                 0x0800018c   Section        4  entry5.o(.ARM.Collect$$$$00000004)
    .ARM.Collect$$$$00000008                 0x08000190   Section        0  entry7b.o(.ARM.Collect$$$$00000008)
    .ARM.Collect$$$$0000000A                 0x08000190   Section        0  entry8b.o(.ARM.Collect$$$$0000000A)
    .ARM.Collect$$$$0000000B                 0x08000190   Section        8  entry9a.o(.ARM.Collect$$$$0000000B)
    .ARM.Collect$$$$0000000E                 0x08000198   Section        4  entry12b.o(.ARM.Collect$$$$0000000E)
    .ARM.Collect$$$$0000000F                 0x0800019c   Section        0  entry10a.o(.ARM.Collect$$$$0000000F)
    .ARM.Collect$$$$00000011                 0x0800019c   Section        0  entry11a.o(.ARM.Collect$$$$00000011)
    .ARM.Collect$$$$00002712                 0x0800019c   Section        4  entry2.o(.ARM.Collect$$$$00002712)
    __lit__00000000                          0x0800019c   Data           4  entry2.o(.ARM.Collect$$$$00002712)
    .text                                    0x080001a0   Section       36  startup_stm32f40xx.o(.text)
    $v0                                      0x080001a0   Number         0  startup_stm32f40xx.o(.text)
    .text                                    0x080001c4   Section     4576  cr4_fft_1024_stm32.o(.text)
    $v0                                      0x080001c4   Number         0  cr4_fft_1024_stm32.o(.text)
    .text                                    0x080013a4   Section        0  dmul.o(.text)
    .text                                    0x08001488   Section        0  ddiv.o(.text)
    .text                                    0x08001566   Section        0  dflti.o(.text)
    .text                                    0x08001588   Section        0  f2d.o(.text)
    .text                                    0x080015ae   Section        0  d2f.o(.text)
    .text                                    0x080015e6   Section        0  uidiv.o(.text)
    .text                                    0x08001612   Section        0  uldiv.o(.text)
    .text                                    0x08001674   Section        0  fepilogue.o(.text)
    .text                                    0x08001674   Section        0  iusefp.o(.text)
    .text                                    0x080016e2   Section        0  depilogue.o(.text)
    .text                                    0x0800179c   Section        0  dadd.o(.text)
    .text                                    0x080018ea   Section        0  dsqrt.o(.text)
    .text                                    0x0800198c   Section        0  dfixul.o(.text)
    .text                                    0x080019bc   Section       48  cdcmple.o(.text)
    .text                                    0x080019ec   Section       48  cdrcmple.o(.text)
    .text                                    0x08001a1c   Section       36  init.o(.text)
    .text                                    0x08001a40   Section        0  llshl.o(.text)
    .text                                    0x08001a5e   Section        0  llushr.o(.text)
    .text                                    0x08001a7e   Section        0  llsshr.o(.text)
    i.ADC_Cmd                                0x08001aa2   Section        0  stm32f4xx_adc.o(i.ADC_Cmd)
    i.ADC_CommonInit                         0x08001ab8   Section        0  stm32f4xx_adc.o(i.ADC_CommonInit)
    i.ADC_Config                             0x08001ae8   Section        0  adcdma.o(i.ADC_Config)
    i.ADC_DMACmd                             0x08001c08   Section        0  stm32f4xx_adc.o(i.ADC_DMACmd)
    i.ADC_DMARequestAfterLastTransferCmd     0x08001c1e   Section        0  stm32f4xx_adc.o(i.ADC_DMARequestAfterLastTransferCmd)
    i.ADC_DMA_Trig                           0x08001c34   Section        0  adcdma.o(i.ADC_DMA_Trig)
    i.ADC_DeInit                             0x08001c70   Section        0  stm32f4xx_adc.o(i.ADC_DeInit)
    i.ADC_GPIO_Init                          0x08001c88   Section        0  adcdma.o(i.ADC_GPIO_Init)
    i.ADC_Init                               0x08001cb0   Section        0  stm32f4xx_adc.o(i.ADC_Init)
    i.ADC_RegularChannelConfig               0x08001d04   Section        0  stm32f4xx_adc.o(i.ADC_RegularChannelConfig)
    i.ADC_SoftwareStartConv                  0x08001dbc   Section        0  stm32f4xx_adc.o(i.ADC_SoftwareStartConv)
    i.BusFault_Handler                       0x08001dc6   Section        0  stm32f4xx_it.o(i.BusFault_Handler)
    i.CalcTHD                                0x08001dcc   Section        0  fftanalysis.o(i.CalcTHD)
    i.DMA2_Stream0_IRQHandler                0x08001e50   Section        0  adcdma.o(i.DMA2_Stream0_IRQHandler)
    i.DMA_ClearITPendingBit                  0x08001e74   Section        0  stm32f4xx_dma.o(i.DMA_ClearITPendingBit)
    i.DMA_Cmd                                0x08001ea8   Section        0  stm32f4xx_dma.o(i.DMA_Cmd)
    i.DMA_DeInit                             0x08001ec0   Section        0  stm32f4xx_dma.o(i.DMA_DeInit)
    i.DMA_ITConfig                           0x08002018   Section        0  stm32f4xx_dma.o(i.DMA_ITConfig)
    i.DMA_Init                               0x08002054   Section        0  stm32f4xx_dma.o(i.DMA_Init)
    i.DebugMon_Handler                       0x080020ac   Section        0  stm32f4xx_it.o(i.DebugMon_Handler)
    i.DecodeInfo                             0x080020b0   Section        0  main.o(i.DecodeInfo)
    i.EXTI0_IRQHandler                       0x080021a4   Section        0  main.o(i.EXTI0_IRQHandler)
    i.EXTI_ClearITPendingBit                 0x080021c8   Section        0  stm32f4xx_exti.o(i.EXTI_ClearITPendingBit)
    i.EXTI_GetITStatus                       0x080021d4   Section        0  stm32f4xx_exti.o(i.EXTI_GetITStatus)
    i.EXTI_Init                              0x080021ec   Section        0  stm32f4xx_exti.o(i.EXTI_Init)
    i.EncodeSendInfo                         0x08002280   Section        0  main.o(i.EncodeSendInfo)
    i.GPIO_Init                              0x080022ac   Section        0  stm32f4xx_gpio.o(i.GPIO_Init)
    i.GPIO_OUT_Init                          0x0800233c   Section        0  gpio.o(i.GPIO_OUT_Init)
    i.GPIO_PinAFConfig                       0x08002370   Section        0  stm32f4xx_gpio.o(i.GPIO_PinAFConfig)
    i.GetPowerMagAndPha                      0x080023b8   Section        0  fftanalysis.o(i.GetPowerMagAndPha)
    i.GetSpectrum                            0x080024e4   Section        0  fftanalysis.o(i.GetSpectrum)
    i.HardFault_Handler                      0x0800251c   Section        0  stm32f4xx_it.o(i.HardFault_Handler)
    i.MemManage_Handler                      0x08002520   Section        0  stm32f4xx_it.o(i.MemManage_Handler)
    i.NMI_Handler                            0x08002524   Section        0  stm32f4xx_it.o(i.NMI_Handler)
    i.NVIC_Init                              0x08002528   Section        0  misc.o(i.NVIC_Init)
    i.PendSV_Handler                         0x080025a0   Section        0  stm32f4xx_it.o(i.PendSV_Handler)
    i.RCC_AHB1PeriphClockCmd                 0x080025a4   Section        0  stm32f4xx_rcc.o(i.RCC_AHB1PeriphClockCmd)
    i.RCC_APB1PeriphClockCmd                 0x080025c4   Section        0  stm32f4xx_rcc.o(i.RCC_APB1PeriphClockCmd)
    i.RCC_APB2PeriphClockCmd                 0x080025e4   Section        0  stm32f4xx_rcc.o(i.RCC_APB2PeriphClockCmd)
    i.RCC_APB2PeriphResetCmd                 0x08002604   Section        0  stm32f4xx_rcc.o(i.RCC_APB2PeriphResetCmd)
    i.RCC_GetClocksFreq                      0x08002624   Section        0  stm32f4xx_rcc.o(i.RCC_GetClocksFreq)
    i.SVC_Handler                            0x0800270c   Section        0  stm32f4xx_it.o(i.SVC_Handler)
    i.SYSCFG_EXTILineConfig                  0x08002710   Section        0  stm32f4xx_syscfg.o(i.SYSCFG_EXTILineConfig)
    i.Serial_Init                            0x08002750   Section        0  serial.o(i.Serial_Init)
    i.Serial_Printf                          0x080028b8   Section        0  serial.o(i.Serial_Printf)
    i.Serial_SendByte                        0x080028dc   Section        0  serial.o(i.Serial_SendByte)
    i.Serial_SendString                      0x080028fc   Section        0  serial.o(i.Serial_SendString)
    i.SetSysClock                            0x08002914   Section        0  system_stm32f4xx.o(i.SetSysClock)
    SetSysClock                              0x08002915   Thumb Code   220  system_stm32f4xx.o(i.SetSysClock)
    i.SortSpec                               0x08002a00   Section        0  fftanalysis.o(i.SortSpec)
    i.SysTick_Handler                        0x08002a64   Section        0  stm32f4xx_it.o(i.SysTick_Handler)
    i.SystemInit                             0x08002a68   Section        0  system_stm32f4xx.o(i.SystemInit)
    i.TIM2_IRQHandler                        0x08002ad0   Section        0  main.o(i.TIM2_IRQHandler)
    i.TIM3_Config                            0x08002b94   Section        0  adcdma.o(i.TIM3_Config)
    i.TIM_ARRPreloadConfig                   0x08002bd8   Section        0  stm32f4xx_tim.o(i.TIM_ARRPreloadConfig)
    i.TIM_ClearFlag                          0x08002bf0   Section        0  stm32f4xx_tim.o(i.TIM_ClearFlag)
    i.TIM_ClearITPendingBit                  0x08002bf6   Section        0  stm32f4xx_tim.o(i.TIM_ClearITPendingBit)
    i.TIM_Cmd                                0x08002bfc   Section        0  stm32f4xx_tim.o(i.TIM_Cmd)
    i.TIM_GetITStatus                        0x08002c14   Section        0  stm32f4xx_tim.o(i.TIM_GetITStatus)
    i.TIM_ITConfig                           0x08002c36   Section        0  stm32f4xx_tim.o(i.TIM_ITConfig)
    i.TIM_SelectOutputTrigger                0x08002c48   Section        0  stm32f4xx_tim.o(i.TIM_SelectOutputTrigger)
    i.TIM_TimeBaseInit                       0x08002c5c   Section        0  stm32f4xx_tim.o(i.TIM_TimeBaseInit)
    i.Timer_Init                             0x08002ce0   Section        0  tim.o(i.Timer_Init)
    i.USART2_IRQHandler                      0x08002d44   Section        0  serial.o(i.USART2_IRQHandler)
    i.USART_ClearITPendingBit                0x08002dcc   Section        0  stm32f4xx_usart.o(i.USART_ClearITPendingBit)
    i.USART_Cmd                              0x08002dea   Section        0  stm32f4xx_usart.o(i.USART_Cmd)
    i.USART_GetFlagStatus                    0x08002e02   Section        0  stm32f4xx_usart.o(i.USART_GetFlagStatus)
    i.USART_ITConfig                         0x08002e1c   Section        0  stm32f4xx_usart.o(i.USART_ITConfig)
    i.USART_Init                             0x08002e68   Section        0  stm32f4xx_usart.o(i.USART_Init)
    i.USART_ReceiveData                      0x08002f3c   Section        0  stm32f4xx_usart.o(i.USART_ReceiveData)
    i.USART_SendData                         0x08002f46   Section        0  stm32f4xx_usart.o(i.USART_SendData)
    i.UsageFault_Handler                     0x08002f4e   Section        0  stm32f4xx_it.o(i.UsageFault_Handler)
    i.__0vsprintf                            0x08002f54   Section        0  printfa.o(i.__0vsprintf)
    i.__ARM_fpclassify                       0x08002f78   Section        0  fpclassify.o(i.__ARM_fpclassify)
    i.__hardfp_atan                          0x08002fa8   Section        0  atan.o(i.__hardfp_atan)
    i.__hardfp_atan2                         0x08003280   Section        0  atan2.o(i.__hardfp_atan2)
    i.__hardfp_sqrt                          0x08003480   Section        0  sqrt.o(i.__hardfp_sqrt)
    i.__kernel_poly                          0x080034fa   Section        0  poly.o(i.__kernel_poly)
    i.__mathlib_dbl_infnan                   0x080035f2   Section        0  dunder.o(i.__mathlib_dbl_infnan)
    i.__mathlib_dbl_infnan2                  0x08003606   Section        0  dunder.o(i.__mathlib_dbl_infnan2)
    i.__mathlib_dbl_underflow                0x08003620   Section        0  dunder.o(i.__mathlib_dbl_underflow)
    i.__scatterload_copy                     0x08003640   Section       14  handlers.o(i.__scatterload_copy)
    i.__scatterload_null                     0x0800364e   Section        2  handlers.o(i.__scatterload_null)
    i.__scatterload_zeroinit                 0x08003650   Section       14  handlers.o(i.__scatterload_zeroinit)
    i.__set_errno                            0x08003660   Section        0  errno.o(i.__set_errno)
    i._fp_digits                             0x0800366c   Section        0  printfa.o(i._fp_digits)
    _fp_digits                               0x0800366d   Thumb Code   366  printfa.o(i._fp_digits)
    i._fswap_double                          0x080037f0   Section        0  fftanalysis.o(i._fswap_double)
    i._fswap_long                            0x0800380a   Section        0  fftanalysis.o(i._fswap_long)
    i._fswap_u16                             0x08003814   Section        0  fftanalysis.o(i._fswap_u16)
    i._printf_core                           0x08003820   Section        0  printfa.o(i._printf_core)
    _printf_core                             0x08003821   Thumb Code  1704  printfa.o(i._printf_core)
    i._printf_post_padding                   0x08003ed4   Section        0  printfa.o(i._printf_post_padding)
    _printf_post_padding                     0x08003ed5   Thumb Code    36  printfa.o(i._printf_post_padding)
    i._printf_pre_padding                    0x08003ef8   Section        0  printfa.o(i._printf_pre_padding)
    _printf_pre_padding                      0x08003ef9   Thumb Code    46  printfa.o(i._printf_pre_padding)
    i._sputc                                 0x08003f26   Section        0  printfa.o(i._sputc)
    _sputc                                   0x08003f27   Thumb Code    10  printfa.o(i._sputc)
    i.atan                                   0x08003f30   Section        0  atan.o(i.atan)
    i.clearStr                               0x08003f40   Section        0  main.o(i.clearStr)
    i.delay_ms                               0x08003f52   Section        0  delay.o(i.delay_ms)
    i.delay_us                               0x08003f6a   Section        0  delay.o(i.delay_us)
    i.exti_init                              0x08003f98   Section        0  exti.o(i.exti_init)
    i.fabs                                   0x08004014   Section        0  fabs.o(i.fabs)
    i.main                                   0x0800402c   Section        0  main.o(i.main)
    .constdata                               0x08004170   Section      152  atan.o(.constdata)
    atanhi                                   0x08004170   Data          32  atan.o(.constdata)
    atanlo                                   0x08004190   Data          32  atan.o(.constdata)
    aTodd                                    0x080041b0   Data          40  atan.o(.constdata)
    aTeven                                   0x080041d8   Data          48  atan.o(.constdata)
    .constdata                               0x08004208   Section        8  qnan.o(.constdata)
    .data                                    0x20000000   Section       16  stm32f4xx_rcc.o(.data)
    APBAHBPrescTable                         0x20000000   Data          16  stm32f4xx_rcc.o(.data)
    .data                                    0x20000010   Section       40  serial.o(.data)
    .data                                    0x20000038   Section     2048  fftanalysis.o(.data)
    .data                                    0x20000838   Section       12  main.o(.data)
    .data                                    0x20000844   Section        4  errno.o(.data)
    _errno                                   0x20000844   Data           4  errno.o(.data)
    .bss                                     0x20000848   Section    13312  fftanalysis.o(.bss)
    .bss                                     0x20003c48   Section     4200  main.o(.bss)
    STACK                                    0x20004cb0   Section    32768  startup_stm32f40xx.o(STACK)

    Global Symbols

    Symbol Name                              Value     Ov Type        Size  Object(Section)

    BuildAttributes$$THM_ISAv4$E$P$D$K$B$S$7EM$VFPi3$EXTD16$VFPS$VFMA$PE$A:L22UL41UL21$X:L11$S22US41US21$IEEE1$IW$USESV6$~STKCKD$USESV7$~SHL$OTIME$ROPI$IEEEX$EBA8$MICROLIB$REQ8$PRES8$EABIv2 0x00000000   Number         0  anon$$obj.o ABSOLUTE
    __ARM_use_no_argv                        0x00000000   Number         0  main.o ABSOLUTE
    __arm_fini_                               - Undefined Weak Reference
    __cpp_initialize__aeabi_                  - Undefined Weak Reference
    __cxa_finalize                            - Undefined Weak Reference
    __decompress                              - Undefined Weak Reference
    _clock_init                               - Undefined Weak Reference
    _microlib_exit                            - Undefined Weak Reference
    __Vectors_Size                           0x00000188   Number         0  startup_stm32f40xx.o ABSOLUTE
    __Vectors                                0x08000000   Data           4  startup_stm32f40xx.o(RESET)
    __Vectors_End                            0x08000188   Data           0  startup_stm32f40xx.o(RESET)
    __main                                   0x08000189   Thumb Code     0  entry.o(.ARM.Collect$$$$00000000)
    _main_stk                                0x08000189   Thumb Code     0  entry2.o(.ARM.Collect$$$$00000001)
    _main_scatterload                        0x0800018d   Thumb Code     0  entry5.o(.ARM.Collect$$$$00000004)
    __main_after_scatterload                 0x08000191   Thumb Code     0  entry5.o(.ARM.Collect$$$$00000004)
    _main_clock                              0x08000191   Thumb Code     0  entry7b.o(.ARM.Collect$$$$00000008)
    _main_cpp_init                           0x08000191   Thumb Code     0  entry8b.o(.ARM.Collect$$$$0000000A)
    _main_init                               0x08000191   Thumb Code     0  entry9a.o(.ARM.Collect$$$$0000000B)
    __rt_lib_shutdown_fini                   0x08000199   Thumb Code     0  entry12b.o(.ARM.Collect$$$$0000000E)
    __rt_final_cpp                           0x0800019d   Thumb Code     0  entry10a.o(.ARM.Collect$$$$0000000F)
    __rt_final_exit                          0x0800019d   Thumb Code     0  entry11a.o(.ARM.Collect$$$$00000011)
    Reset_Handler                            0x080001a1   Thumb Code     8  startup_stm32f40xx.o(.text)
    ADC_IRQHandler                           0x080001bb   Thumb Code     0  startup_stm32f40xx.o(.text)
    CAN1_RX0_IRQHandler                      0x080001bb   Thumb Code     0  startup_stm32f40xx.o(.text)
    CAN1_RX1_IRQHandler                      0x080001bb   Thumb Code     0  startup_stm32f40xx.o(.text)
    CAN1_SCE_IRQHandler                      0x080001bb   Thumb Code     0  startup_stm32f40xx.o(.text)
    CAN1_TX_IRQHandler                       0x080001bb   Thumb Code     0  startup_stm32f40xx.o(.text)
    CAN2_RX0_IRQHandler                      0x080001bb   Thumb Code     0  startup_stm32f40xx.o(.text)
    CAN2_RX1_IRQHandler                      0x080001bb   Thumb Code     0  startup_stm32f40xx.o(.text)
    CAN2_SCE_IRQHandler                      0x080001bb   Thumb Code     0  startup_stm32f40xx.o(.text)
    CAN2_TX_IRQHandler                       0x080001bb   Thumb Code     0  startup_stm32f40xx.o(.text)
    CRYP_IRQHandler                          0x080001bb   Thumb Code     0  startup_stm32f40xx.o(.text)
    DCMI_IRQHandler                          0x080001bb   Thumb Code     0  startup_stm32f40xx.o(.text)
    DMA1_Stream0_IRQHandler                  0x080001bb   Thumb Code     0  startup_stm32f40xx.o(.text)
    DMA1_Stream1_IRQHandler                  0x080001bb   Thumb Code     0  startup_stm32f40xx.o(.text)
    DMA1_Stream2_IRQHandler                  0x080001bb   Thumb Code     0  startup_stm32f40xx.o(.text)
    DMA1_Stream3_IRQHandler                  0x080001bb   Thumb Code     0  startup_stm32f40xx.o(.text)
    DMA1_Stream4_IRQHandler                  0x080001bb   Thumb Code     0  startup_stm32f40xx.o(.text)
    DMA1_Stream5_IRQHandler                  0x080001bb   Thumb Code     0  startup_stm32f40xx.o(.text)
    DMA1_Stream6_IRQHandler                  0x080001bb   Thumb Code     0  startup_stm32f40xx.o(.text)
    DMA1_Stream7_IRQHandler                  0x080001bb   Thumb Code     0  startup_stm32f40xx.o(.text)
    DMA2_Stream1_IRQHandler                  0x080001bb   Thumb Code     0  startup_stm32f40xx.o(.text)
    DMA2_Stream2_IRQHandler                  0x080001bb   Thumb Code     0  startup_stm32f40xx.o(.text)
    DMA2_Stream3_IRQHandler                  0x080001bb   Thumb Code     0  startup_stm32f40xx.o(.text)
    DMA2_Stream4_IRQHandler                  0x080001bb   Thumb Code     0  startup_stm32f40xx.o(.text)
    DMA2_Stream5_IRQHandler                  0x080001bb   Thumb Code     0  startup_stm32f40xx.o(.text)
    DMA2_Stream6_IRQHandler                  0x080001bb   Thumb Code     0  startup_stm32f40xx.o(.text)
    DMA2_Stream7_IRQHandler                  0x080001bb   Thumb Code     0  startup_stm32f40xx.o(.text)
    ETH_IRQHandler                           0x080001bb   Thumb Code     0  startup_stm32f40xx.o(.text)
    ETH_WKUP_IRQHandler                      0x080001bb   Thumb Code     0  startup_stm32f40xx.o(.text)
    EXTI15_10_IRQHandler                     0x080001bb   Thumb Code     0  startup_stm32f40xx.o(.text)
    EXTI1_IRQHandler                         0x080001bb   Thumb Code     0  startup_stm32f40xx.o(.text)
    EXTI2_IRQHandler                         0x080001bb   Thumb Code     0  startup_stm32f40xx.o(.text)
    EXTI3_IRQHandler                         0x080001bb   Thumb Code     0  startup_stm32f40xx.o(.text)
    EXTI4_IRQHandler                         0x080001bb   Thumb Code     0  startup_stm32f40xx.o(.text)
    EXTI9_5_IRQHandler                       0x080001bb   Thumb Code     0  startup_stm32f40xx.o(.text)
    FLASH_IRQHandler                         0x080001bb   Thumb Code     0  startup_stm32f40xx.o(.text)
    FPU_IRQHandler                           0x080001bb   Thumb Code     0  startup_stm32f40xx.o(.text)
    FSMC_IRQHandler                          0x080001bb   Thumb Code     0  startup_stm32f40xx.o(.text)
    HASH_RNG_IRQHandler                      0x080001bb   Thumb Code     0  startup_stm32f40xx.o(.text)
    I2C1_ER_IRQHandler                       0x080001bb   Thumb Code     0  startup_stm32f40xx.o(.text)
    I2C1_EV_IRQHandler                       0x080001bb   Thumb Code     0  startup_stm32f40xx.o(.text)
    I2C2_ER_IRQHandler                       0x080001bb   Thumb Code     0  startup_stm32f40xx.o(.text)
    I2C2_EV_IRQHandler                       0x080001bb   Thumb Code     0  startup_stm32f40xx.o(.text)
    I2C3_ER_IRQHandler                       0x080001bb   Thumb Code     0  startup_stm32f40xx.o(.text)
    I2C3_EV_IRQHandler                       0x080001bb   Thumb Code     0  startup_stm32f40xx.o(.text)
    OTG_FS_IRQHandler                        0x080001bb   Thumb Code     0  startup_stm32f40xx.o(.text)
    OTG_FS_WKUP_IRQHandler                   0x080001bb   Thumb Code     0  startup_stm32f40xx.o(.text)
    OTG_HS_EP1_IN_IRQHandler                 0x080001bb   Thumb Code     0  startup_stm32f40xx.o(.text)
    OTG_HS_EP1_OUT_IRQHandler                0x080001bb   Thumb Code     0  startup_stm32f40xx.o(.text)
    OTG_HS_IRQHandler                        0x080001bb   Thumb Code     0  startup_stm32f40xx.o(.text)
    OTG_HS_WKUP_IRQHandler                   0x080001bb   Thumb Code     0  startup_stm32f40xx.o(.text)
    PVD_IRQHandler                           0x080001bb   Thumb Code     0  startup_stm32f40xx.o(.text)
    RCC_IRQHandler                           0x080001bb   Thumb Code     0  startup_stm32f40xx.o(.text)
    RTC_Alarm_IRQHandler                     0x080001bb   Thumb Code     0  startup_stm32f40xx.o(.text)
    RTC_WKUP_IRQHandler                      0x080001bb   Thumb Code     0  startup_stm32f40xx.o(.text)
    SDIO_IRQHandler                          0x080001bb   Thumb Code     0  startup_stm32f40xx.o(.text)
    SPI1_IRQHandler                          0x080001bb   Thumb Code     0  startup_stm32f40xx.o(.text)
    SPI2_IRQHandler                          0x080001bb   Thumb Code     0  startup_stm32f40xx.o(.text)
    SPI3_IRQHandler                          0x080001bb   Thumb Code     0  startup_stm32f40xx.o(.text)
    TAMP_STAMP_IRQHandler                    0x080001bb   Thumb Code     0  startup_stm32f40xx.o(.text)
    TIM1_BRK_TIM9_IRQHandler                 0x080001bb   Thumb Code     0  startup_stm32f40xx.o(.text)
    TIM1_CC_IRQHandler                       0x080001bb   Thumb Code     0  startup_stm32f40xx.o(.text)
    TIM1_TRG_COM_TIM11_IRQHandler            0x080001bb   Thumb Code     0  startup_stm32f40xx.o(.text)
    TIM1_UP_TIM10_IRQHandler                 0x080001bb   Thumb Code     0  startup_stm32f40xx.o(.text)
    TIM3_IRQHandler                          0x080001bb   Thumb Code     0  startup_stm32f40xx.o(.text)
    TIM4_IRQHandler                          0x080001bb   Thumb Code     0  startup_stm32f40xx.o(.text)
    TIM5_IRQHandler                          0x080001bb   Thumb Code     0  startup_stm32f40xx.o(.text)
    TIM6_DAC_IRQHandler                      0x080001bb   Thumb Code     0  startup_stm32f40xx.o(.text)
    TIM7_IRQHandler                          0x080001bb   Thumb Code     0  startup_stm32f40xx.o(.text)
    TIM8_BRK_TIM12_IRQHandler                0x080001bb   Thumb Code     0  startup_stm32f40xx.o(.text)
    TIM8_CC_IRQHandler                       0x080001bb   Thumb Code     0  startup_stm32f40xx.o(.text)
    TIM8_TRG_COM_TIM14_IRQHandler            0x080001bb   Thumb Code     0  startup_stm32f40xx.o(.text)
    TIM8_UP_TIM13_IRQHandler                 0x080001bb   Thumb Code     0  startup_stm32f40xx.o(.text)
    UART4_IRQHandler                         0x080001bb   Thumb Code     0  startup_stm32f40xx.o(.text)
    UART5_IRQHandler                         0x080001bb   Thumb Code     0  startup_stm32f40xx.o(.text)
    USART1_IRQHandler                        0x080001bb   Thumb Code     0  startup_stm32f40xx.o(.text)
    USART3_IRQHandler                        0x080001bb   Thumb Code     0  startup_stm32f40xx.o(.text)
    USART6_IRQHandler                        0x080001bb   Thumb Code     0  startup_stm32f40xx.o(.text)
    WWDG_IRQHandler                          0x080001bb   Thumb Code     0  startup_stm32f40xx.o(.text)
    cr4_fft_1024_stm32                       0x080001c5   Thumb Code     0  cr4_fft_1024_stm32.o(.text)
    __aeabi_dmul                             0x080013a5   Thumb Code   228  dmul.o(.text)
    __aeabi_ddiv                             0x08001489   Thumb Code   222  ddiv.o(.text)
    __aeabi_i2d                              0x08001567   Thumb Code    34  dflti.o(.text)
    __aeabi_f2d                              0x08001589   Thumb Code    38  f2d.o(.text)
    __aeabi_d2f                              0x080015af   Thumb Code    56  d2f.o(.text)
    __aeabi_uidiv                            0x080015e7   Thumb Code     0  uidiv.o(.text)
    __aeabi_uidivmod                         0x080015e7   Thumb Code    44  uidiv.o(.text)
    __aeabi_uldivmod                         0x08001613   Thumb Code    98  uldiv.o(.text)
    __I$use$fp                               0x08001675   Thumb Code     0  iusefp.o(.text)
    _float_round                             0x08001675   Thumb Code    18  fepilogue.o(.text)
    _float_epilogue                          0x08001687   Thumb Code    92  fepilogue.o(.text)
    _double_round                            0x080016e3   Thumb Code    30  depilogue.o(.text)
    _double_epilogue                         0x08001701   Thumb Code   156  depilogue.o(.text)
    __aeabi_dadd                             0x0800179d   Thumb Code   322  dadd.o(.text)
    __aeabi_dsub                             0x080018df   Thumb Code     6  dadd.o(.text)
    __aeabi_drsub                            0x080018e5   Thumb Code     6  dadd.o(.text)
    _dsqrt                                   0x080018eb   Thumb Code   162  dsqrt.o(.text)
    __aeabi_d2ulz                            0x0800198d   Thumb Code    48  dfixul.o(.text)
    __aeabi_cdcmpeq                          0x080019bd   Thumb Code     0  cdcmple.o(.text)
    __aeabi_cdcmple                          0x080019bd   Thumb Code    48  cdcmple.o(.text)
    __aeabi_cdrcmple                         0x080019ed   Thumb Code    48  cdrcmple.o(.text)
    __scatterload                            0x08001a1d   Thumb Code    28  init.o(.text)
    __scatterload_rt2                        0x08001a1d   Thumb Code     0  init.o(.text)
    __aeabi_llsl                             0x08001a41   Thumb Code    30  llshl.o(.text)
    _ll_shift_l                              0x08001a41   Thumb Code     0  llshl.o(.text)
    __aeabi_llsr                             0x08001a5f   Thumb Code    32  llushr.o(.text)
    _ll_ushift_r                             0x08001a5f   Thumb Code     0  llushr.o(.text)
    __aeabi_lasr                             0x08001a7f   Thumb Code    36  llsshr.o(.text)
    _ll_sshift_r                             0x08001a7f   Thumb Code     0  llsshr.o(.text)
    ADC_Cmd                                  0x08001aa3   Thumb Code    22  stm32f4xx_adc.o(i.ADC_Cmd)
    ADC_CommonInit                           0x08001ab9   Thumb Code    34  stm32f4xx_adc.o(i.ADC_CommonInit)
    ADC_Config                               0x08001ae9   Thumb Code   270  adcdma.o(i.ADC_Config)
    ADC_DMACmd                               0x08001c09   Thumb Code    22  stm32f4xx_adc.o(i.ADC_DMACmd)
    ADC_DMARequestAfterLastTransferCmd       0x08001c1f   Thumb Code    22  stm32f4xx_adc.o(i.ADC_DMARequestAfterLastTransferCmd)
    ADC_DMA_Trig                             0x08001c35   Thumb Code    48  adcdma.o(i.ADC_DMA_Trig)
    ADC_DeInit                               0x08001c71   Thumb Code    22  stm32f4xx_adc.o(i.ADC_DeInit)
    ADC_GPIO_Init                            0x08001c89   Thumb Code    36  adcdma.o(i.ADC_GPIO_Init)
    ADC_Init                                 0x08001cb1   Thumb Code    74  stm32f4xx_adc.o(i.ADC_Init)
    ADC_RegularChannelConfig                 0x08001d05   Thumb Code   184  stm32f4xx_adc.o(i.ADC_RegularChannelConfig)
    ADC_SoftwareStartConv                    0x08001dbd   Thumb Code    10  stm32f4xx_adc.o(i.ADC_SoftwareStartConv)
    BusFault_Handler                         0x08001dc7   Thumb Code     4  stm32f4xx_it.o(i.BusFault_Handler)
    CalcTHD                                  0x08001dcd   Thumb Code   120  fftanalysis.o(i.CalcTHD)
    DMA2_Stream0_IRQHandler                  0x08001e51   Thumb Code    26  adcdma.o(i.DMA2_Stream0_IRQHandler)
    DMA_ClearITPendingBit                    0x08001e75   Thumb Code    38  stm32f4xx_dma.o(i.DMA_ClearITPendingBit)
    DMA_Cmd                                  0x08001ea9   Thumb Code    22  stm32f4xx_dma.o(i.DMA_Cmd)
    DMA_DeInit                               0x08001ec1   Thumb Code   324  stm32f4xx_dma.o(i.DMA_DeInit)
    DMA_ITConfig                             0x08002019   Thumb Code    58  stm32f4xx_dma.o(i.DMA_ITConfig)
    DMA_Init                                 0x08002055   Thumb Code    82  stm32f4xx_dma.o(i.DMA_Init)
    DebugMon_Handler                         0x080020ad   Thumb Code     2  stm32f4xx_it.o(i.DebugMon_Handler)
    DecodeInfo                               0x080020b1   Thumb Code   216  main.o(i.DecodeInfo)
    EXTI0_IRQHandler                         0x080021a5   Thumb Code    30  main.o(i.EXTI0_IRQHandler)
    EXTI_ClearITPendingBit                   0x080021c9   Thumb Code     6  stm32f4xx_exti.o(i.EXTI_ClearITPendingBit)
    EXTI_GetITStatus                         0x080021d5   Thumb Code    20  stm32f4xx_exti.o(i.EXTI_GetITStatus)
    EXTI_Init                                0x080021ed   Thumb Code   142  stm32f4xx_exti.o(i.EXTI_Init)
    EncodeSendInfo                           0x08002281   Thumb Code    32  main.o(i.EncodeSendInfo)
    GPIO_Init                                0x080022ad   Thumb Code   144  stm32f4xx_gpio.o(i.GPIO_Init)
    GPIO_OUT_Init                            0x0800233d   Thumb Code    48  gpio.o(i.GPIO_OUT_Init)
    GPIO_PinAFConfig                         0x08002371   Thumb Code    70  stm32f4xx_gpio.o(i.GPIO_PinAFConfig)
    GetPowerMagAndPha                        0x080023b9   Thumb Code   264  fftanalysis.o(i.GetPowerMagAndPha)
    GetSpectrum                              0x080024e5   Thumb Code    42  fftanalysis.o(i.GetSpectrum)
    HardFault_Handler                        0x0800251d   Thumb Code     4  stm32f4xx_it.o(i.HardFault_Handler)
    MemManage_Handler                        0x08002521   Thumb Code     4  stm32f4xx_it.o(i.MemManage_Handler)
    NMI_Handler                              0x08002525   Thumb Code     2  stm32f4xx_it.o(i.NMI_Handler)
    NVIC_Init                                0x08002529   Thumb Code   106  misc.o(i.NVIC_Init)
    PendSV_Handler                           0x080025a1   Thumb Code     2  stm32f4xx_it.o(i.PendSV_Handler)
    RCC_AHB1PeriphClockCmd                   0x080025a5   Thumb Code    26  stm32f4xx_rcc.o(i.RCC_AHB1PeriphClockCmd)
    RCC_APB1PeriphClockCmd                   0x080025c5   Thumb Code    26  stm32f4xx_rcc.o(i.RCC_APB1PeriphClockCmd)
    RCC_APB2PeriphClockCmd                   0x080025e5   Thumb Code    26  stm32f4xx_rcc.o(i.RCC_APB2PeriphClockCmd)
    RCC_APB2PeriphResetCmd                   0x08002605   Thumb Code    26  stm32f4xx_rcc.o(i.RCC_APB2PeriphResetCmd)
    RCC_GetClocksFreq                        0x08002625   Thumb Code   214  stm32f4xx_rcc.o(i.RCC_GetClocksFreq)
    SVC_Handler                              0x0800270d   Thumb Code     2  stm32f4xx_it.o(i.SVC_Handler)
    SYSCFG_EXTILineConfig                    0x08002711   Thumb Code    60  stm32f4xx_syscfg.o(i.SYSCFG_EXTILineConfig)
    Serial_Init                              0x08002751   Thumb Code   344  serial.o(i.Serial_Init)
    Serial_Printf                            0x080028b9   Thumb Code    36  serial.o(i.Serial_Printf)
    Serial_SendByte                          0x080028dd   Thumb Code    28  serial.o(i.Serial_SendByte)
    Serial_SendString                        0x080028fd   Thumb Code    24  serial.o(i.Serial_SendString)
    SortSpec                                 0x08002a01   Thumb Code    86  fftanalysis.o(i.SortSpec)
    SysTick_Handler                          0x08002a65   Thumb Code     2  stm32f4xx_it.o(i.SysTick_Handler)
    SystemInit                               0x08002a69   Thumb Code    88  system_stm32f4xx.o(i.SystemInit)
    TIM2_IRQHandler                          0x08002ad1   Thumb Code   174  main.o(i.TIM2_IRQHandler)
    TIM3_Config                              0x08002b95   Thumb Code    64  adcdma.o(i.TIM3_Config)
    TIM_ARRPreloadConfig                     0x08002bd9   Thumb Code    24  stm32f4xx_tim.o(i.TIM_ARRPreloadConfig)
    TIM_ClearFlag                            0x08002bf1   Thumb Code     6  stm32f4xx_tim.o(i.TIM_ClearFlag)
    TIM_ClearITPendingBit                    0x08002bf7   Thumb Code     6  stm32f4xx_tim.o(i.TIM_ClearITPendingBit)
    TIM_Cmd                                  0x08002bfd   Thumb Code    24  stm32f4xx_tim.o(i.TIM_Cmd)
    TIM_GetITStatus                          0x08002c15   Thumb Code    34  stm32f4xx_tim.o(i.TIM_GetITStatus)
    TIM_ITConfig                             0x08002c37   Thumb Code    18  stm32f4xx_tim.o(i.TIM_ITConfig)
    TIM_SelectOutputTrigger                  0x08002c49   Thumb Code    18  stm32f4xx_tim.o(i.TIM_SelectOutputTrigger)
    TIM_TimeBaseInit                         0x08002c5d   Thumb Code   104  stm32f4xx_tim.o(i.TIM_TimeBaseInit)
    Timer_Init                               0x08002ce1   Thumb Code    98  tim.o(i.Timer_Init)
    USART2_IRQHandler                        0x08002d45   Thumb Code   102  serial.o(i.USART2_IRQHandler)
    USART_ClearITPendingBit                  0x08002dcd   Thumb Code    30  stm32f4xx_usart.o(i.USART_ClearITPendingBit)
    USART_Cmd                                0x08002deb   Thumb Code    24  stm32f4xx_usart.o(i.USART_Cmd)
    USART_GetFlagStatus                      0x08002e03   Thumb Code    26  stm32f4xx_usart.o(i.USART_GetFlagStatus)
    USART_ITConfig                           0x08002e1d   Thumb Code    74  stm32f4xx_usart.o(i.USART_ITConfig)
    USART_Init                               0x08002e69   Thumb Code   204  stm32f4xx_usart.o(i.USART_Init)
    USART_ReceiveData                        0x08002f3d   Thumb Code    10  stm32f4xx_usart.o(i.USART_ReceiveData)
    USART_SendData                           0x08002f47   Thumb Code     8  stm32f4xx_usart.o(i.USART_SendData)
    UsageFault_Handler                       0x08002f4f   Thumb Code     4  stm32f4xx_it.o(i.UsageFault_Handler)
    __0vsprintf                              0x08002f55   Thumb Code    30  printfa.o(i.__0vsprintf)
    __1vsprintf                              0x08002f55   Thumb Code     0  printfa.o(i.__0vsprintf)
    __2vsprintf                              0x08002f55   Thumb Code     0  printfa.o(i.__0vsprintf)
    __c89vsprintf                            0x08002f55   Thumb Code     0  printfa.o(i.__0vsprintf)
    vsprintf                                 0x08002f55   Thumb Code     0  printfa.o(i.__0vsprintf)
    __ARM_fpclassify                         0x08002f79   Thumb Code    48  fpclassify.o(i.__ARM_fpclassify)
    __hardfp_atan                            0x08002fa9   Thumb Code   622  atan.o(i.__hardfp_atan)
    __hardfp_atan2                           0x08003281   Thumb Code   448  atan2.o(i.__hardfp_atan2)
    __hardfp_sqrt                            0x08003481   Thumb Code   122  sqrt.o(i.__hardfp_sqrt)
    __kernel_poly                            0x080034fb   Thumb Code   248  poly.o(i.__kernel_poly)
    __mathlib_dbl_infnan                     0x080035f3   Thumb Code    20  dunder.o(i.__mathlib_dbl_infnan)
    __mathlib_dbl_infnan2                    0x08003607   Thumb Code    20  dunder.o(i.__mathlib_dbl_infnan2)
    __mathlib_dbl_underflow                  0x08003621   Thumb Code    24  dunder.o(i.__mathlib_dbl_underflow)
    __scatterload_copy                       0x08003641   Thumb Code    14  handlers.o(i.__scatterload_copy)
    __scatterload_null                       0x0800364f   Thumb Code     2  handlers.o(i.__scatterload_null)
    __scatterload_zeroinit                   0x08003651   Thumb Code    14  handlers.o(i.__scatterload_zeroinit)
    __set_errno                              0x08003661   Thumb Code     6  errno.o(i.__set_errno)
    _fswap_double                            0x080037f1   Thumb Code    26  fftanalysis.o(i._fswap_double)
    _fswap_long                              0x0800380b   Thumb Code    10  fftanalysis.o(i._fswap_long)
    _fswap_u16                               0x08003815   Thumb Code    10  fftanalysis.o(i._fswap_u16)
    atan                                     0x08003f31   Thumb Code    16  atan.o(i.atan)
    clearStr                                 0x08003f41   Thumb Code    18  main.o(i.clearStr)
    delay_ms                                 0x08003f53   Thumb Code    24  delay.o(i.delay_ms)
    delay_us                                 0x08003f6b   Thumb Code    44  delay.o(i.delay_us)
    exti_init                                0x08003f99   Thumb Code   118  exti.o(i.exti_init)
    fabs                                     0x08004015   Thumb Code    24  fabs.o(i.fabs)
    main                                     0x0800402d   Thumb Code   238  main.o(i.main)
    __mathlib_zero                           0x08004208   Data           8  qnan.o(.constdata)
    Region$$Table$$Base                      0x08004210   Number         0  anon$$obj.o(Region$$Table)
    Region$$Table$$Limit                     0x08004230   Number         0  anon$$obj.o(Region$$Table)
    pow10                                    0x20000010   Data          36  serial.o(.data)
    uartIndex                                0x20000034   Data           1  serial.o(.data)
    Res                                      0x20000036   Data           2  serial.o(.data)
    ADC_Value                                0x20000038   Data        2048  fftanalysis.o(.data)
    strIndex                                 0x20000838   Data           1  main.o(.data)
    charIndex                                0x20000839   Data           1  main.o(.data)
    startIndex                               0x2000083a   Data           1  main.o(.data)
    sendFlag                                 0x2000083b   Data           1  main.o(.data)
    receiveFlag                              0x2000083c   Data           1  main.o(.data)
    recStartIndex                            0x2000083d   Data           1  main.o(.data)
    recStrIndex                              0x2000083e   Data           1  main.o(.data)
    recCharIndex                             0x2000083f   Data           1  main.o(.data)
    recEndIndex                              0x20000840   Data           1  main.o(.data)
    val                                      0x20000841   Data           1  main.o(.data)
    recBit                                   0x20000842   Data           1  main.o(.data)
    preRecBit                                0x20000843   Data           1  main.o(.data)
    InBufArray                               0x20000848   Data        4096  fftanalysis.o(.bss)
    OutBufArray                              0x20001848   Data        2048  fftanalysis.o(.bss)
    MagBufArray                              0x20002048   Data        2048  fftanalysis.o(.bss)
    MagBufIndex                              0x20002848   Data        1024  fftanalysis.o(.bss)
    PhaBufArray                              0x20002c48   Data        4096  fftanalysis.o(.bss)
    str                                      0x20003c48   Data         100  main.o(.bss)
    decodeStr                                0x20003cac   Data         100  main.o(.bss)
    ADCConvertedValue                        0x20003d10   Data        4000  main.o(.bss)
    __initial_sp                             0x2000ccb0   Data           0  startup_stm32f40xx.o(STACK)



==============================================================================

Memory Map of the image

  Image Entry point : 0x080001a1

  Load Region LR_1 (Base: 0x08000000, Size: 0x00004a78, Max: 0xffffffff, ABSOLUTE)

    Execution Region ER_RO (Exec base: 0x08000000, Load base: 0x08000000, Size: 0x00004230, Max: 0xffffffff, ABSOLUTE)

    Exec Addr    Load Addr    Size         Type   Attr      Idx    E Section Name        Object

    0x08000000   0x08000000   0x00000188   Data   RO            3    RESET               startup_stm32f40xx.o
    0x08000188   0x08000188   0x00000000   Code   RO         5415  * .ARM.Collect$$$$00000000  mc_w.l(entry.o)
    0x08000188   0x08000188   0x00000004   Code   RO         5491    .ARM.Collect$$$$00000001  mc_w.l(entry2.o)
    0x0800018c   0x0800018c   0x00000004   Code   RO         5494    .ARM.Collect$$$$00000004  mc_w.l(entry5.o)
    0x08000190   0x08000190   0x00000000   Code   RO         5496    .ARM.Collect$$$$00000008  mc_w.l(entry7b.o)
    0x08000190   0x08000190   0x00000000   Code   RO         5498    .ARM.Collect$$$$0000000A  mc_w.l(entry8b.o)
    0x08000190   0x08000190   0x00000008   Code   RO         5499    .ARM.Collect$$$$0000000B  mc_w.l(entry9a.o)
    0x08000198   0x08000198   0x00000004   Code   RO         5506    .ARM.Collect$$$$0000000E  mc_w.l(entry12b.o)
    0x0800019c   0x0800019c   0x00000000   Code   RO         5501    .ARM.Collect$$$$0000000F  mc_w.l(entry10a.o)
    0x0800019c   0x0800019c   0x00000000   Code   RO         5503    .ARM.Collect$$$$00000011  mc_w.l(entry11a.o)
    0x0800019c   0x0800019c   0x00000004   Code   RO         5492    .ARM.Collect$$$$00002712  mc_w.l(entry2.o)
    0x080001a0   0x080001a0   0x00000024   Code   RO            4  * .text               startup_stm32f40xx.o
    0x080001c4   0x080001c4   0x000011e0   Code   RO         5388    .text               cr4_fft_1024_stm32.o
    0x080013a4   0x080013a4   0x000000e4   Code   RO         5446    .text               mf_w.l(dmul.o)
    0x08001488   0x08001488   0x000000de   Code   RO         5448    .text               mf_w.l(ddiv.o)
    0x08001566   0x08001566   0x00000022   Code   RO         5450    .text               mf_w.l(dflti.o)
    0x08001588   0x08001588   0x00000026   Code   RO         5452    .text               mf_w.l(f2d.o)
    0x080015ae   0x080015ae   0x00000038   Code   RO         5454    .text               mf_w.l(d2f.o)
    0x080015e6   0x080015e6   0x0000002c   Code   RO         5508    .text               mc_w.l(uidiv.o)
    0x08001612   0x08001612   0x00000062   Code   RO         5510    .text               mc_w.l(uldiv.o)
    0x08001674   0x08001674   0x00000000   Code   RO         5519    .text               mc_w.l(iusefp.o)
    0x08001674   0x08001674   0x0000006e   Code   RO         5520    .text               mf_w.l(fepilogue.o)
    0x080016e2   0x080016e2   0x000000ba   Code   RO         5522    .text               mf_w.l(depilogue.o)
    0x0800179c   0x0800179c   0x0000014e   Code   RO         5524    .text               mf_w.l(dadd.o)
    0x080018ea   0x080018ea   0x000000a2   Code   RO         5528    .text               mf_w.l(dsqrt.o)
    0x0800198c   0x0800198c   0x00000030   Code   RO         5530    .text               mf_w.l(dfixul.o)
    0x080019bc   0x080019bc   0x00000030   Code   RO         5532    .text               mf_w.l(cdcmple.o)
    0x080019ec   0x080019ec   0x00000030   Code   RO         5534    .text               mf_w.l(cdrcmple.o)
    0x08001a1c   0x08001a1c   0x00000024   Code   RO         5540    .text               mc_w.l(init.o)
    0x08001a40   0x08001a40   0x0000001e   Code   RO         5542    .text               mc_w.l(llshl.o)
    0x08001a5e   0x08001a5e   0x00000020   Code   RO         5544    .text               mc_w.l(llushr.o)
    0x08001a7e   0x08001a7e   0x00000024   Code   RO         5546    .text               mc_w.l(llsshr.o)
    0x08001aa2   0x08001aa2   0x00000016   Code   RO          172    i.ADC_Cmd           stm32f4xx_adc.o
    0x08001ab8   0x08001ab8   0x00000030   Code   RO          173    i.ADC_CommonInit    stm32f4xx_adc.o
    0x08001ae8   0x08001ae8   0x00000120   Code   RO         5051    i.ADC_Config        adcdma.o
    0x08001c08   0x08001c08   0x00000016   Code   RO          176    i.ADC_DMACmd        stm32f4xx_adc.o
    0x08001c1e   0x08001c1e   0x00000016   Code   RO          177    i.ADC_DMARequestAfterLastTransferCmd  stm32f4xx_adc.o
    0x08001c34   0x08001c34   0x0000003c   Code   RO         5052    i.ADC_DMA_Trig      adcdma.o
    0x08001c70   0x08001c70   0x00000016   Code   RO          178    i.ADC_DeInit        stm32f4xx_adc.o
    0x08001c86   0x08001c86   0x00000002   PAD
    0x08001c88   0x08001c88   0x00000028   Code   RO         5053    i.ADC_GPIO_Init     adcdma.o
    0x08001cb0   0x08001cb0   0x00000054   Code   RO          192    i.ADC_Init          stm32f4xx_adc.o
    0x08001d04   0x08001d04   0x000000b8   Code   RO          197    i.ADC_RegularChannelConfig  stm32f4xx_adc.o
    0x08001dbc   0x08001dbc   0x0000000a   Code   RO          199    i.ADC_SoftwareStartConv  stm32f4xx_adc.o
    0x08001dc6   0x08001dc6   0x00000004   Code   RO         5310    i.BusFault_Handler  stm32f4xx_it.o
    0x08001dca   0x08001dca   0x00000002   PAD
    0x08001dcc   0x08001dcc   0x00000084   Code   RO         5175    i.CalcTHD           fftanalysis.o
    0x08001e50   0x08001e50   0x00000024   Code   RO         5054    i.DMA2_Stream0_IRQHandler  adcdma.o
    0x08001e74   0x08001e74   0x00000034   Code   RO         1192    i.DMA_ClearITPendingBit  stm32f4xx_dma.o
    0x08001ea8   0x08001ea8   0x00000016   Code   RO         1193    i.DMA_Cmd           stm32f4xx_dma.o
    0x08001ebe   0x08001ebe   0x00000002   PAD
    0x08001ec0   0x08001ec0   0x00000158   Code   RO         1194    i.DMA_DeInit        stm32f4xx_dma.o
    0x08002018   0x08002018   0x0000003a   Code   RO         1204    i.DMA_ITConfig      stm32f4xx_dma.o
    0x08002052   0x08002052   0x00000002   PAD
    0x08002054   0x08002054   0x00000058   Code   RO         1205    i.DMA_Init          stm32f4xx_dma.o
    0x080020ac   0x080020ac   0x00000002   Code   RO         5311    i.DebugMon_Handler  stm32f4xx_it.o
    0x080020ae   0x080020ae   0x00000002   PAD
    0x080020b0   0x080020b0   0x000000f4   Code   RO         5251    i.DecodeInfo        main.o
    0x080021a4   0x080021a4   0x00000024   Code   RO         5252    i.EXTI0_IRQHandler  main.o
    0x080021c8   0x080021c8   0x0000000c   Code   RO         1345    i.EXTI_ClearITPendingBit  stm32f4xx_exti.o
    0x080021d4   0x080021d4   0x00000018   Code   RO         1349    i.EXTI_GetITStatus  stm32f4xx_exti.o
    0x080021ec   0x080021ec   0x00000094   Code   RO         1350    i.EXTI_Init         stm32f4xx_exti.o
    0x08002280   0x08002280   0x0000002c   Code   RO         5253    i.EncodeSendInfo    main.o
    0x080022ac   0x080022ac   0x00000090   Code   RO         1858    i.GPIO_Init         stm32f4xx_gpio.o
    0x0800233c   0x0800233c   0x00000034   Code   RO         5100    i.GPIO_OUT_Init     gpio.o
    0x08002370   0x08002370   0x00000046   Code   RO         1859    i.GPIO_PinAFConfig  stm32f4xx_gpio.o
    0x080023b6   0x080023b6   0x00000002   PAD
    0x080023b8   0x080023b8   0x0000012c   Code   RO         5178    i.GetPowerMagAndPha  fftanalysis.o
    0x080024e4   0x080024e4   0x00000038   Code   RO         5179    i.GetSpectrum       fftanalysis.o
    0x0800251c   0x0800251c   0x00000004   Code   RO         5312    i.HardFault_Handler  stm32f4xx_it.o
    0x08002520   0x08002520   0x00000004   Code   RO         5313    i.MemManage_Handler  stm32f4xx_it.o
    0x08002524   0x08002524   0x00000002   Code   RO         5314    i.NMI_Handler       stm32f4xx_it.o
    0x08002526   0x08002526   0x00000002   PAD
    0x08002528   0x08002528   0x00000078   Code   RO           13    i.NVIC_Init         misc.o
    0x080025a0   0x080025a0   0x00000002   Code   RO         5315    i.PendSV_Handler    stm32f4xx_it.o
    0x080025a2   0x080025a2   0x00000002   PAD
    0x080025a4   0x080025a4   0x00000020   Code   RO         2583    i.RCC_AHB1PeriphClockCmd  stm32f4xx_rcc.o
    0x080025c4   0x080025c4   0x00000020   Code   RO         2592    i.RCC_APB1PeriphClockCmd  stm32f4xx_rcc.o
    0x080025e4   0x080025e4   0x00000020   Code   RO         2595    i.RCC_APB2PeriphClockCmd  stm32f4xx_rcc.o
    0x08002604   0x08002604   0x00000020   Code   RO         2597    i.RCC_APB2PeriphResetCmd  stm32f4xx_rcc.o
    0x08002624   0x08002624   0x000000e8   Code   RO         2604    i.RCC_GetClocksFreq  stm32f4xx_rcc.o
    0x0800270c   0x0800270c   0x00000002   Code   RO         5316    i.SVC_Handler       stm32f4xx_it.o
    0x0800270e   0x0800270e   0x00000002   PAD
    0x08002710   0x08002710   0x00000040   Code   RO         3906    i.SYSCFG_EXTILineConfig  stm32f4xx_syscfg.o
    0x08002750   0x08002750   0x00000168   Code   RO         4829    i.Serial_Init       serial.o
    0x080028b8   0x080028b8   0x00000024   Code   RO         4831    i.Serial_Printf     serial.o
    0x080028dc   0x080028dc   0x00000020   Code   RO         4833    i.Serial_SendByte   serial.o
    0x080028fc   0x080028fc   0x00000018   Code   RO         4835    i.Serial_SendString  serial.o
    0x08002914   0x08002914   0x000000ec   Code   RO         4787    i.SetSysClock       system_stm32f4xx.o
    0x08002a00   0x08002a00   0x00000064   Code   RO         5180    i.SortSpec          fftanalysis.o
    0x08002a64   0x08002a64   0x00000002   Code   RO         5317    i.SysTick_Handler   stm32f4xx_it.o
    0x08002a66   0x08002a66   0x00000002   PAD
    0x08002a68   0x08002a68   0x00000068   Code   RO         4789    i.SystemInit        system_stm32f4xx.o
    0x08002ad0   0x08002ad0   0x000000c4   Code   RO         5254    i.TIM2_IRQHandler   main.o
    0x08002b94   0x08002b94   0x00000044   Code   RO         5055    i.TIM3_Config       adcdma.o
    0x08002bd8   0x08002bd8   0x00000018   Code   RO         3967    i.TIM_ARRPreloadConfig  stm32f4xx_tim.o
    0x08002bf0   0x08002bf0   0x00000006   Code   RO         3973    i.TIM_ClearFlag     stm32f4xx_tim.o
    0x08002bf6   0x08002bf6   0x00000006   Code   RO         3974    i.TIM_ClearITPendingBit  stm32f4xx_tim.o
    0x08002bfc   0x08002bfc   0x00000018   Code   RO         3979    i.TIM_Cmd           stm32f4xx_tim.o
    0x08002c14   0x08002c14   0x00000022   Code   RO         4000    i.TIM_GetITStatus   stm32f4xx_tim.o
    0x08002c36   0x08002c36   0x00000012   Code   RO         4004    i.TIM_ITConfig      stm32f4xx_tim.o
    0x08002c48   0x08002c48   0x00000012   Code   RO         4037    i.TIM_SelectOutputTrigger  stm32f4xx_tim.o
    0x08002c5a   0x08002c5a   0x00000002   PAD
    0x08002c5c   0x08002c5c   0x00000084   Code   RO         4051    i.TIM_TimeBaseInit  stm32f4xx_tim.o
    0x08002ce0   0x08002ce0   0x00000062   Code   RO         4954    i.Timer_Init        tim.o
    0x08002d42   0x08002d42   0x00000002   PAD
    0x08002d44   0x08002d44   0x00000088   Code   RO         4836    i.USART2_IRQHandler  serial.o
    0x08002dcc   0x08002dcc   0x0000001e   Code   RO         4530    i.USART_ClearITPendingBit  stm32f4xx_usart.o
    0x08002dea   0x08002dea   0x00000018   Code   RO         4533    i.USART_Cmd         stm32f4xx_usart.o
    0x08002e02   0x08002e02   0x0000001a   Code   RO         4536    i.USART_GetFlagStatus  stm32f4xx_usart.o
    0x08002e1c   0x08002e1c   0x0000004a   Code   RO         4539    i.USART_ITConfig    stm32f4xx_usart.o
    0x08002e66   0x08002e66   0x00000002   PAD
    0x08002e68   0x08002e68   0x000000d4   Code   RO         4540    i.USART_Init        stm32f4xx_usart.o
    0x08002f3c   0x08002f3c   0x0000000a   Code   RO         4547    i.USART_ReceiveData  stm32f4xx_usart.o
    0x08002f46   0x08002f46   0x00000008   Code   RO         4550    i.USART_SendData    stm32f4xx_usart.o
    0x08002f4e   0x08002f4e   0x00000004   Code   RO         5318    i.UsageFault_Handler  stm32f4xx_it.o
    0x08002f52   0x08002f52   0x00000002   PAD
    0x08002f54   0x08002f54   0x00000024   Code   RO         5425    i.__0vsprintf       mc_w.l(printfa.o)
    0x08002f78   0x08002f78   0x00000030   Code   RO         5536    i.__ARM_fpclassify  m_wm.l(fpclassify.o)
    0x08002fa8   0x08002fa8   0x000002d8   Code   RO         5456    i.__hardfp_atan     m_wm.l(atan.o)
    0x08003280   0x08003280   0x00000200   Code   RO         5391    i.__hardfp_atan2    m_wm.l(atan2.o)
    0x08003480   0x08003480   0x0000007a   Code   RO         5403    i.__hardfp_sqrt     m_wm.l(sqrt.o)
    0x080034fa   0x080034fa   0x000000f8   Code   RO         5538    i.__kernel_poly     m_wm.l(poly.o)
    0x080035f2   0x080035f2   0x00000014   Code   RO         5471    i.__mathlib_dbl_infnan  m_wm.l(dunder.o)
    0x08003606   0x08003606   0x00000014   Code   RO         5472    i.__mathlib_dbl_infnan2  m_wm.l(dunder.o)
    0x0800361a   0x0800361a   0x00000006   PAD
    0x08003620   0x08003620   0x00000020   Code   RO         5476    i.__mathlib_dbl_underflow  m_wm.l(dunder.o)
    0x08003640   0x08003640   0x0000000e   Code   RO         5550    i.__scatterload_copy  mc_w.l(handlers.o)
    0x0800364e   0x0800364e   0x00000002   Code   RO         5551    i.__scatterload_null  mc_w.l(handlers.o)
    0x08003650   0x08003650   0x0000000e   Code   RO         5552    i.__scatterload_zeroinit  mc_w.l(handlers.o)
    0x0800365e   0x0800365e   0x00000002   PAD
    0x08003660   0x08003660   0x0000000c   Code   RO         5514    i.__set_errno       mc_w.l(errno.o)
    0x0800366c   0x0800366c   0x00000184   Code   RO         5426    i._fp_digits        mc_w.l(printfa.o)
    0x080037f0   0x080037f0   0x0000001a   Code   RO         5181    i._fswap_double     fftanalysis.o
    0x0800380a   0x0800380a   0x0000000a   Code   RO         5182    i._fswap_long       fftanalysis.o
    0x08003814   0x08003814   0x0000000a   Code   RO         5183    i._fswap_u16        fftanalysis.o
    0x0800381e   0x0800381e   0x00000002   PAD
    0x08003820   0x08003820   0x000006b4   Code   RO         5427    i._printf_core      mc_w.l(printfa.o)
    0x08003ed4   0x08003ed4   0x00000024   Code   RO         5428    i._printf_post_padding  mc_w.l(printfa.o)
    0x08003ef8   0x08003ef8   0x0000002e   Code   RO         5429    i._printf_pre_padding  mc_w.l(printfa.o)
    0x08003f26   0x08003f26   0x0000000a   Code   RO         5431    i._sputc            mc_w.l(printfa.o)
    0x08003f30   0x08003f30   0x00000010   Code   RO         5458    i.atan              m_wm.l(atan.o)
    0x08003f40   0x08003f40   0x00000012   Code   RO         5255    i.clearStr          main.o
    0x08003f52   0x08003f52   0x00000018   Code   RO         4982    i.delay_ms          delay.o
    0x08003f6a   0x08003f6a   0x0000002c   Code   RO         4984    i.delay_us          delay.o
    0x08003f96   0x08003f96   0x00000002   PAD
    0x08003f98   0x08003f98   0x0000007c   Code   RO         5124    i.exti_init         exti.o
    0x08004014   0x08004014   0x00000018   Code   RO         5486    i.fabs              m_wm.l(fabs.o)
    0x0800402c   0x0800402c   0x00000140   Code   RO         5256    i.main              main.o
    0x0800416c   0x0800416c   0x00000004   PAD
    0x08004170   0x08004170   0x00000098   Data   RO         5459    .constdata          m_wm.l(atan.o)
    0x08004208   0x08004208   0x00000008   Data   RO         5490    .constdata          m_wm.l(qnan.o)
    0x08004210   0x08004210   0x00000020   Data   RO         5548    Region$$Table       anon$$obj.o


    Execution Region ER_RW (Exec base: 0x20000000, Load base: 0x08004230, Size: 0x00000848, Max: 0xffffffff, ABSOLUTE)

    Exec Addr    Load Addr    Size         Type   Attr      Idx    E Section Name        Object

    0x20000000   0x08004230   0x00000010   Data   RW         2636    .data               stm32f4xx_rcc.o
    0x20000010   0x08004240   0x00000028   Data   RW         4838    .data               serial.o
    0x20000038   0x08004268   0x00000800   Data   RW         5185    .data               fftanalysis.o
    0x20000838   0x08004a68   0x0000000c   Data   RW         5258    .data               main.o
    0x20000844   0x08004a74   0x00000004   Data   RW         5515    .data               mc_w.l(errno.o)


    Execution Region ER_ZI (Exec base: 0x20000848, Load base: 0x08004a78, Size: 0x0000c468, Max: 0xffffffff, ABSOLUTE)

    Exec Addr    Load Addr    Size         Type   Attr      Idx    E Section Name        Object

    0x20000848        -       0x00003400   Zero   RW         5184    .bss                fftanalysis.o
    0x20003c48        -       0x00001068   Zero   RW         5257    .bss                main.o
    0x20004cb0        -       0x00008000   Zero   RW            1    STACK               startup_stm32f40xx.o


==============================================================================

Image component sizes


      Code (inc. data)   RO Data    RW Data    ZI Data      Debug   Object Name

       492         48          0          0          0       3008   adcdma.o
      4576       4080          0          0          0        344   cr4_fft_1024_stm32.o
        68          0          0          0          0       1066   delay.o
       124          6          0          0          0        672   exti.o
       634         76          0       2048      13312       5301   fftanalysis.o
        52          4          0          0          0        548   gpio.o
       858        150          0         12       4200       5088   main.o
       120         14          0          0          0     322328   misc.o
       588         54          0         40          0       4625   serial.o
        36          8        392          0      32768        976   startup_stm32f40xx.o
       414         24          0          0          0       6696   stm32f4xx_adc.o
       564         40          0          0          0       4853   stm32f4xx_dma.o
       184         16          0          0          0       2424   stm32f4xx_exti.o
       214          0          0          0          0       2023   stm32f4xx_gpio.o
        26          0          0          0          0       4330   stm32f4xx_it.o
       360         42          0         16          0       5768   stm32f4xx_rcc.o
        64          4          0          0          0        728   stm32f4xx_syscfg.o
       262         28          0          0          0       6083   stm32f4xx_tim.o
       384          8          0          0          0       5979   stm32f4xx_usart.o
       340         32          0          0          0       1901   system_stm32f4xx.o
        98          0          0          0          0        605   tim.o

    ----------------------------------------------------------------------
     10494       4638        424       2116      50280     385346   Object Totals
         0          0         32          0          0          0   (incl. Generated)
        36          4          0          0          0          0   (incl. Padding)

    ----------------------------------------------------------------------

      Code (inc. data)   RO Data    RW Data    ZI Data      Debug   Library Member Name

       744        106        152          0          0        352   atan.o
       512         64          0          0          0        208   atan2.o
        72          8          0          0          0        372   dunder.o
        24          0          0          0          0        124   fabs.o
        48          0          0          0          0        124   fpclassify.o
       248          0          0          0          0        152   poly.o
         0          0          8          0          0          0   qnan.o
       122          0          0          0          0        148   sqrt.o
         0          0          0          0          0          0   entry.o
         0          0          0          0          0          0   entry10a.o
         0          0          0          0          0          0   entry11a.o
         4          0          0          0          0          0   entry12b.o
         8          4          0          0          0          0   entry2.o
         4          0          0          0          0          0   entry5.o
         0          0          0          0          0          0   entry7b.o
         0          0          0          0          0          0   entry8b.o
         8          4          0          0          0          0   entry9a.o
        12          6          0          4          0         68   errno.o
        30          0          0          0          0          0   handlers.o
        36          8          0          0          0         68   init.o
         0          0          0          0          0          0   iusefp.o
        30          0          0          0          0         68   llshl.o
        36          0          0          0          0         68   llsshr.o
        32          0          0          0          0         68   llushr.o
      2232         86          0          0          0        528   printfa.o
        44          0          0          0          0         80   uidiv.o
        98          0          0          0          0         92   uldiv.o
        48          0          0          0          0         68   cdcmple.o
        48          0          0          0          0         68   cdrcmple.o
        56          0          0          0          0         88   d2f.o
       334          0          0          0          0        148   dadd.o
       222          0          0          0          0        100   ddiv.o
       186          0          0          0          0        176   depilogue.o
        48          0          0          0          0         68   dfixul.o
        34          0          0          0          0         76   dflti.o
       228          0          0          0          0         96   dmul.o
       162          0          0          0          0        100   dsqrt.o
        38          0          0          0          0         68   f2d.o
       110          0          0          0          0        168   fepilogue.o

    ----------------------------------------------------------------------
      5866        286        160          4          0       3744   Library Totals
         8          0          0          0          0          0   (incl. Padding)

    ----------------------------------------------------------------------

      Code (inc. data)   RO Data    RW Data    ZI Data      Debug   Library Name

      1770        178        160          0          0       1480   m_wm.l
      2574        108          0          4          0       1040   mc_w.l
      1514          0          0          0          0       1224   mf_w.l

    ----------------------------------------------------------------------
      5866        286        160          4          0       3744   Library Totals

    ----------------------------------------------------------------------

==============================================================================


      Code (inc. data)   RO Data    RW Data    ZI Data      Debug   

     16360       4924        584       2120      50280     379950   Grand Totals
     16360       4924        584       2120      50280     379950   ELF Image Totals
     16360       4924        584       2120          0          0   ROM Totals

==============================================================================

    Total RO  Size (Code + RO Data)                16944 (  16.55kB)
    Total RW  Size (RW Data + ZI Data)             52400 (  51.17kB)
    Total ROM Size (Code + RO Data + RW Data)      19064 (  18.62kB)

==============================================================================

